Archive member included to satisfy reference by file (symbol)

.pio/build/nucleo_l031k6/lib8e2/libsupplyBoardLib.a(supplyBoard.o)
                              .pio/build/nucleo_l031k6/src/main.o (SupplyBoard::SupplyBoard(SupplyBoard::SupplyBoardHardware))
.pio/build/nucleo_l031k6/lib8e2/libsupplyBoardLib.a(supplyBoard_it.o)
                              .pio/build/nucleo_l031k6/lib8e2/libsupplyBoardLib.a(supplyBoard.o) (c_hI2cSlave)
/home/labgluon/.platformio/packages/toolchain-gccarmnoneeabi/bin/../lib/gcc/arm-none-eabi/7.2.1/thumb/v6-m/libgcc.a(_thumb1_case_sqi.o)
                              .pio/build/nucleo_l031k6/FrameworkHALDriver/Src/stm32l0xx_hal_uart.o (__gnu_thumb1_case_sqi)
/home/labgluon/.platformio/packages/toolchain-gccarmnoneeabi/bin/../lib/gcc/arm-none-eabi/7.2.1/thumb/v6-m/libgcc.a(_thumb1_case_uqi.o)
                              .pio/build/nucleo_l031k6/FrameworkHALDriver/Src/stm32l0xx_hal_dma.o (__gnu_thumb1_case_uqi)
/home/labgluon/.platformio/packages/toolchain-gccarmnoneeabi/bin/../lib/gcc/arm-none-eabi/7.2.1/thumb/v6-m/libgcc.a(_udivsi3.o)
                              .pio/build/nucleo_l031k6/FrameworkHALDriver/Src/stm32l0xx_hal.o (__aeabi_uidiv)
/home/labgluon/.platformio/packages/toolchain-gccarmnoneeabi/bin/../lib/gcc/arm-none-eabi/7.2.1/thumb/v6-m/libgcc.a(_divsi3.o)
                              .pio/build/nucleo_l031k6/FrameworkHALDriver/Src/stm32l0xx_hal.o (__aeabi_idiv)
/home/labgluon/.platformio/packages/toolchain-gccarmnoneeabi/bin/../lib/gcc/arm-none-eabi/7.2.1/thumb/v6-m/libgcc.a(_dvmd_tls.o)
                              /home/labgluon/.platformio/packages/toolchain-gccarmnoneeabi/bin/../lib/gcc/arm-none-eabi/7.2.1/thumb/v6-m/libgcc.a(_udivsi3.o) (__aeabi_idiv0)
/home/labgluon/.platformio/packages/toolchain-gccarmnoneeabi/bin/../lib/gcc/arm-none-eabi/7.2.1/thumb/v6-m/libgcc.a(_aeabi_ldivmod.o)
                              .pio/build/nucleo_l031k6/FrameworkHALDriver/Src/stm32l0xx_hal_rcc.o (__aeabi_ldivmod)
/home/labgluon/.platformio/packages/toolchain-gccarmnoneeabi/bin/../lib/gcc/arm-none-eabi/7.2.1/thumb/v6-m/libgcc.a(_aeabi_uldivmod.o)
                              .pio/build/nucleo_l031k6/FrameworkHALDriver/Src/stm32l0xx_hal_rcc.o (__aeabi_uldivmod)
/home/labgluon/.platformio/packages/toolchain-gccarmnoneeabi/bin/../lib/gcc/arm-none-eabi/7.2.1/thumb/v6-m/libgcc.a(_muldi3.o)
                              .pio/build/nucleo_l031k6/FrameworkHALDriver/Src/stm32l0xx_hal_rcc.o (__aeabi_lmul)
/home/labgluon/.platformio/packages/toolchain-gccarmnoneeabi/bin/../lib/gcc/arm-none-eabi/7.2.1/thumb/v6-m/libgcc.a(_fixunssfsi.o)
                              .pio/build/nucleo_l031k6/src/main.o (__aeabi_f2uiz)
/home/labgluon/.platformio/packages/toolchain-gccarmnoneeabi/bin/../lib/gcc/arm-none-eabi/7.2.1/thumb/v6-m/libgcc.a(_udivmoddi4.o)
                              /home/labgluon/.platformio/packages/toolchain-gccarmnoneeabi/bin/../lib/gcc/arm-none-eabi/7.2.1/thumb/v6-m/libgcc.a(_aeabi_uldivmod.o) (__udivmoddi4)
/home/labgluon/.platformio/packages/toolchain-gccarmnoneeabi/bin/../lib/gcc/arm-none-eabi/7.2.1/thumb/v6-m/libgcc.a(bpabi.o)
                              /home/labgluon/.platformio/packages/toolchain-gccarmnoneeabi/bin/../lib/gcc/arm-none-eabi/7.2.1/thumb/v6-m/libgcc.a(_aeabi_ldivmod.o) (__gnu_ldivmod_helper)
/home/labgluon/.platformio/packages/toolchain-gccarmnoneeabi/bin/../lib/gcc/arm-none-eabi/7.2.1/thumb/v6-m/libgcc.a(addsf3.o)
                              .pio/build/nucleo_l031k6/src/main.o (__aeabi_fadd)
/home/labgluon/.platformio/packages/toolchain-gccarmnoneeabi/bin/../lib/gcc/arm-none-eabi/7.2.1/thumb/v6-m/libgcc.a(divsf3.o)
                              .pio/build/nucleo_l031k6/src/main.o (__aeabi_fdiv)
/home/labgluon/.platformio/packages/toolchain-gccarmnoneeabi/bin/../lib/gcc/arm-none-eabi/7.2.1/thumb/v6-m/libgcc.a(mulsf3.o)
                              .pio/build/nucleo_l031k6/src/main.o (__aeabi_fmul)
/home/labgluon/.platformio/packages/toolchain-gccarmnoneeabi/bin/../lib/gcc/arm-none-eabi/7.2.1/thumb/v6-m/libgcc.a(subsf3.o)
                              /home/labgluon/.platformio/packages/toolchain-gccarmnoneeabi/bin/../lib/gcc/arm-none-eabi/7.2.1/thumb/v6-m/libgcc.a(_fixunssfsi.o) (__aeabi_fsub)
/home/labgluon/.platformio/packages/toolchain-gccarmnoneeabi/bin/../lib/gcc/arm-none-eabi/7.2.1/thumb/v6-m/libgcc.a(fixsfsi.o)
                              /home/labgluon/.platformio/packages/toolchain-gccarmnoneeabi/bin/../lib/gcc/arm-none-eabi/7.2.1/thumb/v6-m/libgcc.a(_fixunssfsi.o) (__aeabi_f2iz)
/home/labgluon/.platformio/packages/toolchain-gccarmnoneeabi/bin/../lib/gcc/arm-none-eabi/7.2.1/thumb/v6-m/libgcc.a(floatsisf.o)
                              .pio/build/nucleo_l031k6/src/main.o (__aeabi_i2f)
/home/labgluon/.platformio/packages/toolchain-gccarmnoneeabi/bin/../lib/gcc/arm-none-eabi/7.2.1/thumb/v6-m/libgcc.a(_arm_cmpsf2.o)
[...]
Memory Configuration

Name             Origin             Length             Attributes
RAM              0x0000000020000000 0x0000000000002000 xrw
FLASH            0x0000000008000000 0x0000000000008000 xr
*default*        0x0000000000000000 0xffffffffffffffff

Linker script and memory map

LOAD /home/labgluon/.platformio/packages/toolchain-gccarmnoneeabi/bin/../lib/gcc/arm-none-eabi/7.2.1/thumb/v6-m/crti.o
LOAD /home/labgluon/.platformio/packages/toolchain-gccarmnoneeabi/bin/../lib/gcc/arm-none-eabi/7.2.1/thumb/v6-m/crtbegin.o
LOAD /home/labgluon/.platformio/packages/toolchain-gccarmnoneeabi/bin/../lib/gcc/arm-none-eabi/7.2.1/../../../../arm-none-eabi/lib/thumb/v6-m/crt0.o
LOAD .pio/build/nucleo_l031k6/FrameworkHALDriver/Src/stm32l0xx_hal.o
LOAD .pio/build/nucleo_l031k6/FrameworkHALDriver/Src/stm32l0xx_hal_adc.o
LOAD .pio/build/nucleo_l031k6/FrameworkHALDriver/Src/stm32l0xx_hal_adc_ex.o
LOAD .pio/build/nucleo_l031k6/FrameworkHALDriver/Src/stm32l0xx_hal_comp.o
LOAD .pio/build/nucleo_l031k6/FrameworkHALDriver/Src/stm32l0xx_hal_comp_ex.o
LOAD .pio/build/nucleo_l031k6/FrameworkHALDriver/Src/stm32l0xx_hal_cortex.o
LOAD .pio/build/nucleo_l031k6/FrameworkHALDriver/Src/stm32l0xx_hal_crc.o
LOAD .pio/build/nucleo_l031k6/FrameworkHALDriver/Src/stm32l0xx_hal_crc_ex.o
LOAD .pio/build/nucleo_l031k6/FrameworkHALDriver/Src/stm32l0xx_hal_cryp.o
LOAD .pio/build/nucleo_l031k6/FrameworkHALDriver/Src/stm32l0xx_hal_cryp_ex.o
LOAD .pio/build/nucleo_l031k6/FrameworkHALDriver/Src/stm32l0xx_hal_dac.o
LOAD .pio/build/nucleo_l031k6/FrameworkHALDriver/Src/stm32l0xx_hal_dac_ex.o
LOAD .pio/build/nucleo_l031k6/FrameworkHALDriver/Src/stm32l0xx_hal_dma.o
LOAD .pio/build/nucleo_l031k6/FrameworkHALDriver/Src/stm32l0xx_hal_exti.o
LOAD .pio/build/nucleo_l031k6/FrameworkHALDriver/Src/stm32l0xx_hal_firewall.o
LOAD .pio/build/nucleo_l031k6/FrameworkHALDriver/Src/stm32l0xx_hal_flash.o
LOAD .pio/build/nucleo_l031k6/FrameworkHALDriver/Src/stm32l0xx_hal_flash_ex.o
LOAD .pio/build/nucleo_l031k6/FrameworkHALDriver/Src/stm32l0xx_hal_flash_ramfunc.o
LOAD .pio/build/nucleo_l031k6/FrameworkHALDriver/Src/stm32l0xx_hal_gpio.o
LOAD .pio/build/nucleo_l031k6/FrameworkHALDriver/Src/stm32l0xx_hal_i2c.o
LOAD .pio/build/nucleo_l031k6/FrameworkHALDriver/Src/stm32l0xx_hal_i2c_ex.o
LOAD .pio/build/nucleo_l031k6/FrameworkHALDriver/Src/stm32l0xx_hal_i2s.o
LOAD .pio/build/nucleo_l031k6/FrameworkHALDriver/Src/stm32l0xx_hal_irda.o
LOAD .pio/build/nucleo_l031k6/FrameworkHALDriver/Src/stm32l0xx_hal_iwdg.o
LOAD .pio/build/nucleo_l031k6/FrameworkHALDriver/Src/stm32l0xx_hal_lcd.o
LOAD .pio/build/nucleo_l031k6/FrameworkHALDriver/Src/stm32l0xx_hal_lptim.o
LOAD .pio/build/nucleo_l031k6/FrameworkHALDriver/Src/stm32l0xx_hal_pcd.o
LOAD .pio/build/nucleo_l031k6/FrameworkHALDriver/Src/stm32l0xx_hal_pcd_ex.o
LOAD .pio/build/nucleo_l031k6/FrameworkHALDriver/Src/stm32l0xx_hal_pwr.o
LOAD .pio/build/nucleo_l031k6/FrameworkHALDriver/Src/stm32l0xx_hal_pwr_ex.o
LOAD .pio/build/nucleo_l031k6/FrameworkHALDriver/Src/stm32l0xx_hal_rcc.o
LOAD .pio/build/nucleo_l031k6/FrameworkHALDriver/Src/stm32l0xx_hal_rcc_ex.o
LOAD .pio/build/nucleo_l031k6/FrameworkHALDriver/Src/stm32l0xx_hal_rng.o
LOAD .pio/build/nucleo_l031k6/FrameworkHALDriver/Src/stm32l0xx_hal_rtc.o
LOAD .pio/build/nucleo_l031k6/FrameworkHALDriver/Src/stm32l0xx_hal_rtc_ex.o
LOAD .pio/build/nucleo_l031k6/FrameworkHALDriver/Src/stm32l0xx_hal_smartcard.o
LOAD .pio/build/nucleo_l031k6/FrameworkHALDriver/Src/stm32l0xx_hal_smartcard_ex.o
LOAD .pio/build/nucleo_l031k6/FrameworkHALDriver/Src/stm32l0xx_hal_smbus.o
LOAD .pio/build/nucleo_l031k6/FrameworkHALDriver/Src/stm32l0xx_hal_smbus_ex.o
LOAD .pio/build/nucleo_l031k6/FrameworkHALDriver/Src/stm32l0xx_hal_spi.o
LOAD .pio/build/nucleo_l031k6/FrameworkHALDriver/Src/stm32l0xx_hal_tim.o
LOAD .pio/build/nucleo_l031k6/FrameworkHALDriver/Src/stm32l0xx_hal_tim_ex.o
LOAD .pio/build/nucleo_l031k6/FrameworkHALDriver/Src/stm32l0xx_hal_tsc.o
LOAD .pio/build/nucleo_l031k6/FrameworkHALDriver/Src/stm32l0xx_hal_uart.o
LOAD .pio/build/nucleo_l031k6/FrameworkHALDriver/Src/stm32l0xx_hal_uart_ex.o
LOAD .pio/build/nucleo_l031k6/FrameworkHALDriver/Src/stm32l0xx_hal_usart.o
LOAD .pio/build/nucleo_l031k6/FrameworkHALDriver/Src/stm32l0xx_hal_wwdg.o
LOAD .pio/build/nucleo_l031k6/FrameworkHALDriver/Src/stm32l0xx_ll_adc.o
LOAD .pio/build/nucleo_l031k6/FrameworkHALDriver/Src/stm32l0xx_ll_comp.o
LOAD .pio/build/nucleo_l031k6/FrameworkHALDriver/Src/stm32l0xx_ll_crc.o
LOAD .pio/build/nucleo_l031k6/FrameworkHALDriver/Src/stm32l0xx_ll_crs.o
LOAD .pio/build/nucleo_l031k6/FrameworkHALDriver/Src/stm32l0xx_ll_dac.o
LOAD .pio/build/nucleo_l031k6/FrameworkHALDriver/Src/stm32l0xx_ll_dma.o
LOAD .pio/build/nucleo_l031k6/FrameworkHALDriver/Src/stm32l0xx_ll_exti.o
LOAD .pio/build/nucleo_l031k6/FrameworkHALDriver/Src/stm32l0xx_ll_gpio.o
LOAD .pio/build/nucleo_l031k6/FrameworkHALDriver/Src/stm32l0xx_ll_i2c.o
LOAD .pio/build/nucleo_l031k6/FrameworkHALDriver/Src/stm32l0xx_ll_lptim.o
LOAD .pio/build/nucleo_l031k6/FrameworkHALDriver/Src/stm32l0xx_ll_lpuart.o
LOAD .pio/build/nucleo_l031k6/FrameworkHALDriver/Src/stm32l0xx_ll_pwr.o
LOAD .pio/build/nucleo_l031k6/FrameworkHALDriver/Src/stm32l0xx_ll_rcc.o
LOAD .pio/build/nucleo_l031k6/FrameworkHALDriver/Src/stm32l0xx_ll_rng.o
LOAD .pio/build/nucleo_l031k6/FrameworkHALDriver/Src/stm32l0xx_ll_rtc.o
LOAD .pio/build/nucleo_l031k6/FrameworkHALDriver/Src/stm32l0xx_ll_spi.o
LOAD .pio/build/nucleo_l031k6/FrameworkHALDriver/Src/stm32l0xx_ll_tim.o
LOAD .pio/build/nucleo_l031k6/FrameworkHALDriver/Src/stm32l0xx_ll_usart.o
LOAD .pio/build/nucleo_l031k6/FrameworkHALDriver/Src/stm32l0xx_ll_usb.o
LOAD .pio/build/nucleo_l031k6/FrameworkHALDriver/Src/stm32l0xx_ll_utils.o
LOAD .pio/build/nucleo_l031k6/src/dataMap.o
LOAD .pio/build/nucleo_l031k6/src/main.o
LOAD .pio/build/nucleo_l031k6/src/stm32l031_it.o
START GROUP
LOAD .pio/build/nucleo_l031k6/lib8e2/libsupplyBoardLib.a
LOAD /home/labgluon/.platformio/packages/toolchain-gccarmnoneeabi/bin/../lib/gcc/arm-none-eabi/7.2.1/thumb/v6-m/libgcc.a
LOAD /home/labgluon/.platformio/packages/toolchain-gccarmnoneeabi/bin/../lib/gcc/arm-none-eabi/7.2.1/../../../../arm-none-eabi/lib/thumb/v6-m/libstdc++_nano.a
LOAD /home/labgluon/.platformio/packages/toolchain-gccarmnoneeabi/bin/../lib/gcc/arm-none-eabi/7.2.1/../../../../arm-none-eabi/lib/thumb/v6-m/libnosys.a
LOAD .pio/build/nucleo_l031k6/libFrameworkCMSISDevice.a
END GROUP
LOAD /home/labgluon/.platformio/packages/toolchain-gccarmnoneeabi/bin/../lib/gcc/arm-none-eabi/7.2.1/../../../../arm-none-eabi/lib/thumb/v6-m/libstdc++_nano.a
LOAD /home/labgluon/.platformio/packages/toolchain-gccarmnoneeabi/bin/../lib/gcc/arm-none-eabi/7.2.1/../../../../arm-none-eabi/lib/thumb/v6-m/libm.a
LOAD /home/labgluon/.platformio/packages/toolchain-gccarmnoneeabi/bin/../lib/gcc/arm-none-eabi/7.2.1/../../../../arm-none-eabi/lib/thumb/v6-m/libc_nano.a
START GROUP
LOAD /home/labgluon/.platformio/packages/toolchain-gccarmnoneeabi/bin/../lib/gcc/arm-none-eabi/7.2.1/thumb/v6-m/libgcc.a
LOAD /home/labgluon/.platformio/packages/toolchain-gccarmnoneeabi/bin/../lib/gcc/arm-none-eabi/7.2.1/../../../../arm-none-eabi/lib/thumb/v6-m/libc_nano.a
END GROUP
START GROUP
LOAD /home/labgluon/.platformio/packages/toolchain-gccarmnoneeabi/bin/../lib/gcc/arm-none-eabi/7.2.1/thumb/v6-m/libgcc.a
LOAD /home/labgluon/.platformio/packages/toolchain-gccarmnoneeabi/bin/../lib/gcc/arm-none-eabi/7.2.1/../../../../arm-none-eabi/lib/thumb/v6-m/libc_nano.a
LOAD /home/labgluon/.platformio/packages/toolchain-gccarmnoneeabi/bin/../lib/gcc/arm-none-eabi/7.2.1/../../../../arm-none-eabi/lib/thumb/v6-m/libnosys.a
END GROUP
START GROUP
LOAD /home/labgluon/.platformio/packages/toolchain-gccarmnoneeabi/bin/../lib/gcc/arm-none-eabi/7.2.1/thumb/v6-m/libgcc.a
LOAD /home/labgluon/.platformio/packages/toolchain-gccarmnoneeabi/bin/../lib/gcc/arm-none-eabi/7.2.1/../../../../arm-none-eabi/lib/thumb/v6-m/libc_nano.a
LOAD /home/labgluon/.platformio/packages/toolchain-gccarmnoneeabi/bin/../lib/gcc/arm-none-eabi/7.2.1/../../../../arm-none-eabi/lib/thumb/v6-m/libnosys.a
END GROUP
LOAD /home/labgluon/.platformio/packages/toolchain-gccarmnoneeabi/bin/../lib/gcc/arm-none-eabi/7.2.1/thumb/v6-m/crtend.o
LOAD /home/labgluon/.platformio/packages/toolchain-gccarmnoneeabi/bin/../lib/gcc/arm-none-eabi/7.2.1/thumb/v6-m/crtn.o
                0x0000000020002000                _estack = (ORIGIN (RAM) + LENGTH (RAM))
                0x0000000000000200                _Min_Heap_Size = 0x200
                0x0000000000000400                _Min_Stack_Size = 0x400

.isr_vector     0x0000000008000000       0xc0
                0x0000000008000000                . = ALIGN (0x4)
 *(.isr_vector)
 .isr_vector    0x0000000008000000       0xc0 .pio/build/nucleo_l031k6/libFrameworkCMSISDevice.a(startup_stm32l031xx.o)
                0x0000000008000000                g_pfnVectors
                0x00000000080000c0                . = ALIGN (0x4)

.text           0x00000000080000c0     0x3fd8
                0x00000000080000c0                . = ALIGN (0x4)
 *(.text)
 .text          0x00000000080000c0       0x48 /home/labgluon/.platformio/packages/toolchain-gccarmnoneeabi/bin/../lib/gcc/arm-none-eabi/7.2.1/thumb/v6-m/crtbegin.o
 .text          0x0000000008000108       0x14 /home/labgluon/.platformio/packages/toolchain-gccarmnoneeabi/bin/../lib/gcc/arm-none-eabi/7.2.1/thumb/v6-m/libgcc.a(_thumb1_case_sqi.o)
                0x0000000008000108                __gnu_thumb1_case_sqi
 .text          0x000000000800011c       0x14 /home/labgluon/.platformio/packages/toolchain-gccarmnoneeabi/bin/../lib/gcc/arm-none-eabi/7.2.1/thumb/v6-m/libgcc.a(_thumb1_case_uqi.o)
                0x000000000800011c                __gnu_thumb1_case_uqi
 .text          0x0000000008000130      0x114 /home/labgluon/.platformio/packages/toolchain-gccarmnoneeabi/bin/../lib/gcc/arm-none-eabi/7.2.1/thumb/v6-m/libgcc.a(_udivsi3.o)
                0x0000000008000130                __udivsi3
                0x0000000008000130                __aeabi_uidiv
                0x000000000800023c                __aeabi_uidivmod
 .text          0x0000000008000244        0x4 /home/labgluon/.platformio/packages/toolchain-gccarmnoneeabi/bin/../lib/gcc/arm-none-eabi/7.2.1/thumb/v6-m/libgcc.a(_dvmd_tls.o)
                0x0000000008000244                __aeabi_ldiv0
                0x0000000008000244                __aeabi_idiv0
 .text          0x0000000008000248       0x40 /home/labgluon/.platformio/packages/toolchain-gccarmnoneeabi/bin/../lib/gcc/arm-none-eabi/7.2.1/thumb/v6-m/libgcc.a(_aeabi_uldivmod.o)
                0x0000000008000248                __aeabi_uldivmod
 .text          0x0000000008000288       0x54 /home/labgluon/.platformio/packages/toolchain-gccarmnoneeabi/bin/../lib/gcc/arm-none-eabi/7.2.1/thumb/v6-m/libgcc.a(_muldi3.o)
                0x0000000008000288                __aeabi_lmul
                0x0000000008000288                __muldi3
 .text          0x00000000080002dc       0x30 /home/labgluon/.platformio/packages/toolchain-gccarmnoneeabi/bin/../lib/gcc/arm-none-eabi/7.2.1/thumb/v6-m/libgcc.a(_fixunssfsi.o)
                0x00000000080002dc                __aeabi_f2uiz
                0x00000000080002dc                __fixunssfsi
 .text          0x000000000800030c      0x184 /home/labgluon/.platformio/packages/toolchain-gccarmnoneeabi/bin/../lib/gcc/arm-none-eabi/7.2.1/thumb/v6-m/libgcc.a(_udivmoddi4.o)
                0x000000000800030c                __udivmoddi4
 .text          0x0000000008000490      0x334 /home/labgluon/.platformio/packages/toolchain-gccarmnoneeabi/bin/../lib/gcc/arm-none-eabi/7.2.1/thumb/v6-m/libgcc.a(addsf3.o)
                0x0000000008000490                __aeabi_fadd
 .text          0x00000000080007c4      0x224 /home/labgluon/.platformio/packages/toolchain-gccarmnoneeabi/bin/../lib/gcc/arm-none-eabi/7.2.1/thumb/v6-m/libgcc.a(divsf3.o)
                0x00000000080007c4                __aeabi_fdiv
 .text          0x00000000080009e8      0x264 /home/labgluon/.platformio/packages/toolchain-gccarmnoneeabi/bin/../lib/gcc/arm-none-eabi/7.2.1/thumb/v6-m/libgcc.a(mulsf3.o)
                0x00000000080009e8                __aeabi_fmul
 .text          0x0000000008000c4c      0x388 /home/labgluon/.platformio/packages/toolchain-gccarmnoneeabi/bin/../lib/gcc/arm-none-eabi/7.2.1/thumb/v6-m/libgcc.a(subsf3.o)
                0x0000000008000c4c                __aeabi_fsub
 .text          0x0000000008000fd4       0x40 /home/labgluon/.platformio/packages/toolchain-gccarmnoneeabi/bin/../lib/gcc/arm-none-eabi/7.2.1/thumb/v6-m/libgcc.a(fixsfsi.o)
                0x0000000008000fd4                __aeabi_f2iz
 .text          0x0000000008001014       0x94 /home/labgluon/.platformio/packages/toolchain-gccarmnoneeabi/bin/../lib/gcc/arm-none-eabi/7.2.1/thumb/v6-m/libgcc.a(floatsisf.o)
                0x0000000008001014                __aeabi_i2f
 .text          0x00000000080010a8       0x74 /home/labgluon/.platformio/packages/toolchain-gccarmnoneeabi/bin/../lib/gcc/arm-none-eabi/7.2.1/thumb/v6-m/libgcc.a(_arm_cmpsf2.o)
                0x00000000080010a8                __aeabi_cfrcmple
                0x00000000080010b0                __aeabi_cfcmple
                0x00000000080010b0                __aeabi_cfcmpeq
                0x00000000080010c0                __aeabi_fcmpeq
                0x00000000080010cc                __aeabi_fcmplt
                0x00000000080010e0                __aeabi_fcmple
                0x00000000080010f4                __aeabi_fcmpgt
                0x0000000008001108                __aeabi_fcmpge
 .text          0x000000000800111c       0x3c /home/labgluon/.platformio/packages/toolchain-gccarmnoneeabi/bin/../lib/gcc/arm-none-eabi/7.2.1/thumb/v6-m/libgcc.a(_clzsi2.o)
                0x000000000800111c                __clzsi2
 .text          0x0000000008001158       0x18 /home/labgluon/.platformio/packages/toolchain-gccarmnoneeabi/bin/../lib/gcc/arm-none-eabi/7.2.1/thumb/v6-m/libgcc.a(_clzdi2.o)
                0x0000000008001158                __clzdi2
 .text          0x0000000008001170       0x50 /home/labgluon/.platformio/packages/toolchain-gccarmnoneeabi/bin/../lib/gcc/arm-none-eabi/7.2.1/thumb/v6-m/libgcc.a(eqsf2.o)
                0x0000000008001170                __nesf2
                0x0000000008001170                __eqsf2
 .text          0x00000000080011c0       0x9c /home/labgluon/.platformio/packages/toolchain-gccarmnoneeabi/bin/../lib/gcc/arm-none-eabi/7.2.1/thumb/v6-m/libgcc.a(gesf2.o)
                0x00000000080011c0                __gtsf2
                0x00000000080011c0                __gesf2
 .text          0x000000000800125c       0xa0 /home/labgluon/.platformio/packages/toolchain-gccarmnoneeabi/bin/../lib/gcc/arm-none-eabi/7.2.1/thumb/v6-m/libgcc.a(lesf2.o)
                0x000000000800125c                __lesf2
                0x000000000800125c                __ltsf2
 *(.text*)
 .text.HAL_MspInit
                0x00000000080012fc        0x2 .pio/build/nucleo_l031k6/FrameworkHALDriver/Src/stm32l0xx_hal.o
                0x00000000080012fc                HAL_MspInit
 *fill*         0x00000000080012fe        0x2 
 .text.HAL_InitTick
                0x0000000008001300       0x48 .pio/build/nucleo_l031k6/FrameworkHALDriver/Src/stm32l0xx_hal.o
                0x0000000008001300                HAL_InitTick
 .text.HAL_Init
                0x0000000008001348       0x28 .pio/build/nucleo_l031k6/FrameworkHALDriver/Src/stm32l0xx_hal.o
                0x0000000008001348                HAL_Init
 .text.HAL_IncTick
                0x0000000008001370       0x18 .pio/build/nucleo_l031k6/FrameworkHALDriver/Src/stm32l0xx_hal.o
                0x0000000008001370                HAL_IncTick
 .text.HAL_GetTick
                0x0000000008001388        0xc .pio/build/nucleo_l031k6/FrameworkHALDriver/Src/stm32l0xx_hal.o
                0x0000000008001388                HAL_GetTick
 .text.HAL_Delay
                0x0000000008001394       0x24 .pio/build/nucleo_l031k6/FrameworkHALDriver/Src/stm32l0xx_hal.o
                0x0000000008001394                HAL_Delay
 .text.ADC_DelayMicroSecond
                0x00000000080013b8       0x2c .pio/build/nucleo_l031k6/FrameworkHALDriver/Src/stm32l0xx_hal_adc.o
 .text.ADC_Disable
                0x00000000080013e4       0x70 .pio/build/nucleo_l031k6/FrameworkHALDriver/Src/stm32l0xx_hal_adc.o
 .text.ADC_Enable
                0x0000000008001454       0x78 .pio/build/nucleo_l031k6/FrameworkHALDriver/Src/stm32l0xx_hal_adc.o
 .text.ADC_ConversionStop
                0x00000000080014cc       0x5a .pio/build/nucleo_l031k6/FrameworkHALDriver/Src/stm32l0xx_hal_adc.o
 .text.HAL_ADC_MspInit
                0x0000000008001526        0x2 .pio/build/nucleo_l031k6/FrameworkHALDriver/Src/stm32l0xx_hal_adc.o
                0x0000000008001526                HAL_ADC_MspInit
 .text.HAL_ADC_Init
                0x0000000008001528      0x1b0 .pio/build/nucleo_l031k6/FrameworkHALDriver/Src/stm32l0xx_hal_adc.o
                0x0000000008001528                HAL_ADC_Init
 .text.HAL_ADC_PollForConversion
                0x00000000080016d8       0xc4 .pio/build/nucleo_l031k6/FrameworkHALDriver/Src/stm32l0xx_hal_adc.o
                0x00000000080016d8                HAL_ADC_PollForConversion
 .text.HAL_ADC_Start_DMA
                0x000000000800179c       0x90 .pio/build/nucleo_l031k6/FrameworkHALDriver/Src/stm32l0xx_hal_adc.o
                0x000000000800179c                HAL_ADC_Start_DMA
 .text.HAL_ADC_Stop_DMA
                0x000000000800182c       0x78 .pio/build/nucleo_l031k6/FrameworkHALDriver/Src/stm32l0xx_hal_adc.o
                0x000000000800182c                HAL_ADC_Stop_DMA
 .text.HAL_ADC_ConvCpltCallback
                0x00000000080018a4        0x2 .pio/build/nucleo_l031k6/FrameworkHALDriver/Src/stm32l0xx_hal_adc.o
                0x00000000080018a4                HAL_ADC_ConvCpltCallback
 *fill*         0x00000000080018a6        0x2 
 .text.ADC_DMAConvCplt
                0x00000000080018a8       0x70 .pio/build/nucleo_l031k6/FrameworkHALDriver/Src/stm32l0xx_hal_adc.o
 .text.HAL_ADC_ConvHalfCpltCallback
                0x0000000008001918        0x2 .pio/build/nucleo_l031k6/FrameworkHALDriver/Src/stm32l0xx_hal_adc.o
                0x0000000008001918                HAL_ADC_ConvHalfCpltCallback
 .text.ADC_DMAHalfConvCplt
                0x000000000800191a        0xa .pio/build/nucleo_l031k6/FrameworkHALDriver/Src/stm32l0xx_hal_adc.o
 .text.HAL_ADC_ErrorCallback
                0x0000000008001924        0x2 .pio/build/nucleo_l031k6/FrameworkHALDriver/Src/stm32l0xx_hal_adc.o
                0x0000000008001924                HAL_ADC_ErrorCallback
 .text.ADC_DMAError
                0x0000000008001926       0x1a .pio/build/nucleo_l031k6/FrameworkHALDriver/Src/stm32l0xx_hal_adc.o
 .text.HAL_ADC_ConfigChannel
                0x0000000008001940       0xa8 .pio/build/nucleo_l031k6/FrameworkHALDriver/Src/stm32l0xx_hal_adc.o
                0x0000000008001940                HAL_ADC_ConfigChannel
 .text.HAL_ADCEx_Calibration_Start
                0x00000000080019e8       0xa8 .pio/build/nucleo_l031k6/FrameworkHALDriver/Src/stm32l0xx_hal_adc_ex.o
                0x00000000080019e8                HAL_ADCEx_Calibration_Start
 .text.HAL_NVIC_SetPriority
                0x0000000008001a90       0x54 .pio/build/nucleo_l031k6/FrameworkHALDriver/Src/stm32l0xx_hal_cortex.o
                0x0000000008001a90                HAL_NVIC_SetPriority
 .text.HAL_NVIC_EnableIRQ
                0x0000000008001ae4       0x18 .pio/build/nucleo_l031k6/FrameworkHALDriver/Src/stm32l0xx_hal_cortex.o
                0x0000000008001ae4                HAL_NVIC_EnableIRQ
 .text.HAL_NVIC_DisableIRQ
                0x0000000008001afc       0x20 .pio/build/nucleo_l031k6/FrameworkHALDriver/Src/stm32l0xx_hal_cortex.o
                0x0000000008001afc                HAL_NVIC_DisableIRQ
 .text.HAL_SYSTICK_Config
                0x0000000008001b1c       0x34 .pio/build/nucleo_l031k6/FrameworkHALDriver/Src/stm32l0xx_hal_cortex.o
                0x0000000008001b1c                HAL_SYSTICK_Config
 .text.HAL_DMA_Init
                0x0000000008001b50       0x88 .pio/build/nucleo_l031k6/FrameworkHALDriver/Src/stm32l0xx_hal_dma.o
                0x0000000008001b50                HAL_DMA_Init
 .text.HAL_DMA_Start_IT
                0x0000000008001bd8       0x80 .pio/build/nucleo_l031k6/FrameworkHALDriver/Src/stm32l0xx_hal_dma.o
                0x0000000008001bd8                HAL_DMA_Start_IT
 .text.HAL_DMA_Abort
                0x0000000008001c58       0x40 .pio/build/nucleo_l031k6/FrameworkHALDriver/Src/stm32l0xx_hal_dma.o
                0x0000000008001c58                HAL_DMA_Abort
 .text.HAL_DMA_Abort_IT
                0x0000000008001c98       0x4a .pio/build/nucleo_l031k6/FrameworkHALDriver/Src/stm32l0xx_hal_dma.o
                0x0000000008001c98                HAL_DMA_Abort_IT
 .text.HAL_DMA_IRQHandler
                0x0000000008001ce2       0x96 .pio/build/nucleo_l031k6/FrameworkHALDriver/Src/stm32l0xx_hal_dma.o
                0x0000000008001ce2                HAL_DMA_IRQHandler
 .text.HAL_DMA_GetState
                0x0000000008001d78        0x8 .pio/build/nucleo_l031k6/FrameworkHALDriver/Src/stm32l0xx_hal_dma.o
                0x0000000008001d78                HAL_DMA_GetState
 .text.HAL_GPIO_Init
                0x0000000008001d80      0x16c .pio/build/nucleo_l031k6/FrameworkHALDriver/Src/stm32l0xx_hal_gpio.o
                0x0000000008001d80                HAL_GPIO_Init
 .text.HAL_GPIO_WritePin
                0x0000000008001eec        0xc .pio/build/nucleo_l031k6/FrameworkHALDriver/Src/stm32l0xx_hal_gpio.o
                0x0000000008001eec                HAL_GPIO_WritePin
 .text.I2C_Flush_TXDR
                0x0000000008001ef8       0x1c .pio/build/nucleo_l031k6/FrameworkHALDriver/Src/stm32l0xx_hal_i2c.o
 .text.I2C_TransferConfig
                0x0000000008001f14       0x28 .pio/build/nucleo_l031k6/FrameworkHALDriver/Src/stm32l0xx_hal_i2c.o
 .text.I2C_Enable_IRQ
                0x0000000008001f3c       0x5c .pio/build/nucleo_l031k6/FrameworkHALDriver/Src/stm32l0xx_hal_i2c.o
 .text.I2C_Disable_IRQ
                0x0000000008001f98       0x48 .pio/build/nucleo_l031k6/FrameworkHALDriver/Src/stm32l0xx_hal_i2c.o
 .text.HAL_I2C_MspInit
                0x0000000008001fe0        0x2 .pio/build/nucleo_l031k6/FrameworkHALDriver/Src/stm32l0xx_hal_i2c.o
                0x0000000008001fe0                HAL_I2C_MspInit
 *fill*         0x0000000008001fe2        0x2 
 .text.HAL_I2C_Init
                0x0000000008001fe4       0xac .pio/build/nucleo_l031k6/FrameworkHALDriver/Src/stm32l0xx_hal_i2c.o
                0x0000000008001fe4                HAL_I2C_Init
 .text.HAL_I2C_Slave_Seq_Transmit_IT
                0x0000000008002090       0xd8 .pio/build/nucleo_l031k6/FrameworkHALDriver/Src/stm32l0xx_hal_i2c.o
                0x0000000008002090                HAL_I2C_Slave_Seq_Transmit_IT
 .text.HAL_I2C_Slave_Seq_Receive_IT
                0x0000000008002168       0xdc .pio/build/nucleo_l031k6/FrameworkHALDriver/Src/stm32l0xx_hal_i2c.o
                0x0000000008002168                HAL_I2C_Slave_Seq_Receive_IT
 .text.HAL_I2C_EnableListen_IT
                0x0000000008002244       0x28 .pio/build/nucleo_l031k6/FrameworkHALDriver/Src/stm32l0xx_hal_i2c.o
                0x0000000008002244                HAL_I2C_EnableListen_IT
 .text.HAL_I2C_EV_IRQHandler
                0x000000000800226c       0x12 .pio/build/nucleo_l031k6/FrameworkHALDriver/Src/stm32l0xx_hal_i2c.o
                0x000000000800226c                HAL_I2C_EV_IRQHandler
 .text.HAL_I2C_MasterTxCpltCallback
                0x000000000800227e        0x2 .pio/build/nucleo_l031k6/FrameworkHALDriver/Src/stm32l0xx_hal_i2c.o
                0x000000000800227e                HAL_I2C_MasterTxCpltCallback
 .text.HAL_I2C_MasterRxCpltCallback
                0x0000000008002280        0x2 .pio/build/nucleo_l031k6/FrameworkHALDriver/Src/stm32l0xx_hal_i2c.o
                0x0000000008002280                HAL_I2C_MasterRxCpltCallback
 .text.I2C_ITMasterSeqCplt
                0x0000000008002282       0x48 .pio/build/nucleo_l031k6/FrameworkHALDriver/Src/stm32l0xx_hal_i2c.o
 *fill*         0x00000000080022ca        0x2 
 .text.I2C_ITSlaveSeqCplt
                0x00000000080022cc       0x84 .pio/build/nucleo_l031k6/FrameworkHALDriver/Src/stm32l0xx_hal_i2c.o
 .text.I2C_ITAddrCplt.isra.9
                0x0000000008002350       0x94 .pio/build/nucleo_l031k6/FrameworkHALDriver/Src/stm32l0xx_hal_i2c.o
 .text.I2C_ITListenCplt
                0x00000000080023e4       0x6c .pio/build/nucleo_l031k6/FrameworkHALDriver/Src/stm32l0xx_hal_i2c.o
 .text.HAL_I2C_MemTxCpltCallback
                0x0000000008002450        0x2 .pio/build/nucleo_l031k6/FrameworkHALDriver/Src/stm32l0xx_hal_i2c.o
                0x0000000008002450                HAL_I2C_MemTxCpltCallback
 .text.HAL_I2C_MemRxCpltCallback
                0x0000000008002452        0x2 .pio/build/nucleo_l031k6/FrameworkHALDriver/Src/stm32l0xx_hal_i2c.o
                0x0000000008002452                HAL_I2C_MemRxCpltCallback
 .text.HAL_I2C_AbortCpltCallback
                0x0000000008002454        0x2 .pio/build/nucleo_l031k6/FrameworkHALDriver/Src/stm32l0xx_hal_i2c.o
                0x0000000008002454                HAL_I2C_AbortCpltCallback
 .text.I2C_TreatErrorCallback
                0x0000000008002456       0x2a .pio/build/nucleo_l031k6/FrameworkHALDriver/Src/stm32l0xx_hal_i2c.o
 .text.I2C_ITError
                0x0000000008002480       0xf0 .pio/build/nucleo_l031k6/FrameworkHALDriver/Src/stm32l0xx_hal_i2c.o
 .text.I2C_ITSlaveCplt
                0x0000000008002570      0x138 .pio/build/nucleo_l031k6/FrameworkHALDriver/Src/stm32l0xx_hal_i2c.o
 .text.I2C_Slave_ISR_IT
                0x00000000080026a8      0x130 .pio/build/nucleo_l031k6/FrameworkHALDriver/Src/stm32l0xx_hal_i2c.o
 .text.I2C_ITMasterCplt
                0x00000000080027d8       0xe4 .pio/build/nucleo_l031k6/FrameworkHALDriver/Src/stm32l0xx_hal_i2c.o
 .text.I2C_Slave_ISR_DMA
                0x00000000080028bc      0x10c .pio/build/nucleo_l031k6/FrameworkHALDriver/Src/stm32l0xx_hal_i2c.o
 .text.I2C_Master_ISR_DMA
                0x00000000080029c8      0x120 .pio/build/nucleo_l031k6/FrameworkHALDriver/Src/stm32l0xx_hal_i2c.o
 .text.HAL_I2C_ER_IRQHandler
                0x0000000008002ae8       0x62 .pio/build/nucleo_l031k6/FrameworkHALDriver/Src/stm32l0xx_hal_i2c.o
                0x0000000008002ae8                HAL_I2C_ER_IRQHandler
 .text.I2C_DMAAbort
                0x0000000008002b4a       0x1e .pio/build/nucleo_l031k6/FrameworkHALDriver/Src/stm32l0xx_hal_i2c.o
 .text.HAL_I2C_GetError
                0x0000000008002b68        0x4 .pio/build/nucleo_l031k6/FrameworkHALDriver/Src/stm32l0xx_hal_i2c.o
                0x0000000008002b68                HAL_I2C_GetError
 .text.HAL_I2CEx_ConfigAnalogFilter
                0x0000000008002b6c       0x4c .pio/build/nucleo_l031k6/FrameworkHALDriver/Src/stm32l0xx_hal_i2c_ex.o
                0x0000000008002b6c                HAL_I2CEx_ConfigAnalogFilter
 .text.HAL_I2CEx_ConfigDigitalFilter
                0x0000000008002bb8       0x48 .pio/build/nucleo_l031k6/FrameworkHALDriver/Src/stm32l0xx_hal_i2c_ex.o
                0x0000000008002bb8                HAL_I2CEx_ConfigDigitalFilter
 .text.HAL_RCC_GetSysClockFreq
                0x0000000008002c00       0x94 .pio/build/nucleo_l031k6/FrameworkHALDriver/Src/stm32l0xx_hal_rcc.o
                0x0000000008002c00                HAL_RCC_GetSysClockFreq
 .text.HAL_RCC_OscConfig
                0x0000000008002c94      0x4ac .pio/build/nucleo_l031k6/FrameworkHALDriver/Src/stm32l0xx_hal_rcc.o
                0x0000000008002c94                HAL_RCC_OscConfig
 .text.HAL_RCC_ClockConfig
                0x0000000008003140      0x19c .pio/build/nucleo_l031k6/FrameworkHALDriver/Src/stm32l0xx_hal_rcc.o
                0x0000000008003140                HAL_RCC_ClockConfig
 .text.HAL_RCC_GetPCLK1Freq
                0x00000000080032dc       0x20 .pio/build/nucleo_l031k6/FrameworkHALDriver/Src/stm32l0xx_hal_rcc.o
                0x00000000080032dc                HAL_RCC_GetPCLK1Freq
 .text.HAL_RCC_GetPCLK2Freq
                0x00000000080032fc       0x20 .pio/build/nucleo_l031k6/FrameworkHALDriver/Src/stm32l0xx_hal_rcc.o
                0x00000000080032fc                HAL_RCC_GetPCLK2Freq
 .text.HAL_RCCEx_PeriphCLKConfig
                0x000000000800331c      0x174 .pio/build/nucleo_l031k6/FrameworkHALDriver/Src/stm32l0xx_hal_rcc_ex.o
                0x000000000800331c                HAL_RCCEx_PeriphCLKConfig
 .text.TIM_Base_SetConfig
                0x0000000008003490       0x5c .pio/build/nucleo_l031k6/FrameworkHALDriver/Src/stm32l0xx_hal_tim.o
 .text.HAL_TIM_Base_MspInit
                0x00000000080034ec        0x2 .pio/build/nucleo_l031k6/FrameworkHALDriver/Src/stm32l0xx_hal_tim.o
                0x00000000080034ec                HAL_TIM_Base_MspInit
 .text.HAL_TIM_Base_Init
                0x00000000080034ee       0x48 .pio/build/nucleo_l031k6/FrameworkHALDriver/Src/stm32l0xx_hal_tim.o
                0x00000000080034ee                HAL_TIM_Base_Init
 .text.HAL_UART_MspInit
                0x0000000008003536        0x2 .pio/build/nucleo_l031k6/FrameworkHALDriver/Src/stm32l0xx_hal_uart.o
                0x0000000008003536                HAL_UART_MspInit
 .text.UART_SetConfig
                0x0000000008003538      0x1e8 .pio/build/nucleo_l031k6/FrameworkHALDriver/Src/stm32l0xx_hal_uart.o
                0x0000000008003538                UART_SetConfig
 .text.UART_AdvFeatureConfig
                0x0000000008003720       0xd0 .pio/build/nucleo_l031k6/FrameworkHALDriver/Src/stm32l0xx_hal_uart.o
                0x0000000008003720                UART_AdvFeatureConfig
 .text.UART_WaitOnFlagUntilTimeout
                0x00000000080037f0       0xc4 .pio/build/nucleo_l031k6/FrameworkHALDriver/Src/stm32l0xx_hal_uart.o
                0x00000000080037f0                UART_WaitOnFlagUntilTimeout
 .text.UART_CheckIdleState
                0x00000000080038b4       0x64 .pio/build/nucleo_l031k6/FrameworkHALDriver/Src/stm32l0xx_hal_uart.o
                0x00000000080038b4                UART_CheckIdleState
 .text.HAL_UART_Init
                0x0000000008003918       0x64 .pio/build/nucleo_l031k6/FrameworkHALDriver/Src/stm32l0xx_hal_uart.o
                0x0000000008003918                HAL_UART_Init
 .text.HAL_I2C_ListenCpltCallback
                0x000000000800397c        0x8 .pio/build/nucleo_l031k6/src/main.o
                0x000000000800397c                HAL_I2C_ListenCpltCallback
 .text._Z18SystemClock_Configv
                0x0000000008003984       0x74 .pio/build/nucleo_l031k6/src/main.o
                0x0000000008003984                SystemClock_Config()
 .text.HAL_I2C_AddrCallback
                0x00000000080039f8       0x48 .pio/build/nucleo_l031k6/src/main.o
                0x00000000080039f8                HAL_I2C_AddrCallback
 .text.HAL_I2C_SlaveRxCpltCallback
                0x0000000008003a40       0x34 .pio/build/nucleo_l031k6/src/main.o
                0x0000000008003a40                HAL_I2C_SlaveRxCpltCallback
 .text.HAL_I2C_SlaveTxCpltCallback
                0x0000000008003a74       0x30 .pio/build/nucleo_l031k6/src/main.o
                0x0000000008003a74                HAL_I2C_SlaveTxCpltCallback
 .text.HAL_I2C_ErrorCallback
                0x0000000008003aa4       0x48 .pio/build/nucleo_l031k6/src/main.o
                0x0000000008003aa4                HAL_I2C_ErrorCallback
 .text.startup.main
                0x0000000008003aec      0x208 .pio/build/nucleo_l031k6/src/main.o
                0x0000000008003aec                main
 .text.startup._GLOBAL__sub_I_dataMap
                0x0000000008003cf4       0x28 .pio/build/nucleo_l031k6/src/main.o
 .text.SysTick_Handler
                0x0000000008003d1c        0x8 .pio/build/nucleo_l031k6/src/stm32l031_it.o
                0x0000000008003d1c                SysTick_Handler
 .text._ZN11SupplyBoardC2ENS_19SupplyBoardHardwareE
                0x0000000008003d24       0x3c .pio/build/nucleo_l031k6/lib8e2/libsupplyBoardLib.a(supplyBoard.o)
                0x0000000008003d24                SupplyBoard::SupplyBoard(SupplyBoard::SupplyBoardHardware)
                0x0000000008003d24                SupplyBoard::SupplyBoard(SupplyBoard::SupplyBoardHardware)
 .text._ZN11SupplyBoard12initI2cSlaveEh
                0x0000000008003d60       0xb8 .pio/build/nucleo_l031k6/lib8e2/libsupplyBoardLib.a(supplyBoard.o)
                0x0000000008003d60                SupplyBoard::initI2cSlave(unsigned char)
 .text._ZN11SupplyBoard10initAdcDmaEv
                0x0000000008003e18      0x14c .pio/build/nucleo_l031k6/lib8e2/libsupplyBoardLib.a(supplyBoard.o)
                0x0000000008003e18                SupplyBoard::initAdcDma()
 .text._ZN11SupplyBoard13i2cSlaveStartEv
                0x0000000008003f64       0x20 .pio/build/nucleo_l031k6/lib8e2/libsupplyBoardLib.a(supplyBoard.o)
                0x0000000008003f64                SupplyBoard::i2cSlaveStart()
 .text.I2C1_IRQHandler
                0x0000000008003f84       0x20 .pio/build/nucleo_l031k6/lib8e2/libsupplyBoardLib.a(supplyBoard_it.o)
                0x0000000008003f84                I2C1_IRQHandler
 .text.DMA1_Channel1_IRQHandler
                0x0000000008003fa4       0x1c .pio/build/nucleo_l031k6/lib8e2/libsupplyBoardLib.a(supplyBoard_it.o)
                0x0000000008003fa4                DMA1_Channel1_IRQHandler
 .text.Reset_Handler
                0x0000000008003fc0       0x50 .pio/build/nucleo_l031k6/libFrameworkCMSISDevice.a(startup_stm32l031xx.o)
                0x0000000008003fc0                Reset_Handler
 .text.Default_Handler
                0x0000000008004010        0x2 .pio/build/nucleo_l031k6/libFrameworkCMSISDevice.a(startup_stm32l031xx.o)
                0x0000000008004010                HardFault_Handler
                0x0000000008004010                ADC1_COMP_IRQHandler
                0x0000000008004010                PVD_IRQHandler
                0x0000000008004010                PendSV_Handler
                0x0000000008004010                NMI_Handler
                0x0000000008004010                SPI1_IRQHandler
                0x0000000008004010                EXTI2_3_IRQHandler
                0x0000000008004010                RTC_IRQHandler
                0x0000000008004010                DMA1_Channel4_5_6_7_IRQHandler
                0x0000000008004010                EXTI4_15_IRQHandler
                0x0000000008004010                RCC_IRQHandler
                0x0000000008004010                Default_Handler
                0x0000000008004010                TIM22_IRQHandler
                0x0000000008004010                EXTI0_1_IRQHandler
                0x0000000008004010                SVC_Handler
                0x0000000008004010                TIM21_IRQHandler
                0x0000000008004010                WWDG_IRQHandler
                0x0000000008004010                LPUART1_IRQHandler
                0x0000000008004010                TIM2_IRQHandler
                0x0000000008004010                DMA1_Channel2_3_IRQHandler
                0x0000000008004010                USART2_IRQHandler
                0x0000000008004010                FLASH_IRQHandler
                0x0000000008004010                LPTIM1_IRQHandler
 .text.SystemInit
                0x0000000008004012        0x2 .pio/build/nucleo_l031k6/libFrameworkCMSISDevice.a(system_stm32l0xx.o)
                0x0000000008004012                SystemInit
 .text.__libc_init_array
                0x0000000008004014       0x48 /home/labgluon/.platformio/packages/toolchain-gccarmnoneeabi/bin/../lib/gcc/arm-none-eabi/7.2.1/../../../../arm-none-eabi/lib/thumb/v6-m/libc_nano.a(lib_a-init.o)
                0x0000000008004014                __libc_init_array
 .text.memcpy   0x000000000800405c       0x12 /home/labgluon/.platformio/packages/toolchain-gccarmnoneeabi/bin/../lib/gcc/arm-none-eabi/7.2.1/../../../../arm-none-eabi/lib/thumb/v6-m/libc_nano.a(lib_a-memcpy-stub.o)
                0x000000000800405c                memcpy
 .text.memset   0x000000000800406e       0x10 /home/labgluon/.platformio/packages/toolchain-gccarmnoneeabi/bin/../lib/gcc/arm-none-eabi/7.2.1/../../../../arm-none-eabi/lib/thumb/v6-m/libc_nano.a(lib_a-memset.o)
                0x000000000800406e                memset
 *(.glue_7)
 .glue_7        0x000000000800407e        0x0 linker stubs
 *(.glue_7t)
 .glue_7t       0x000000000800407e        0x0 linker stubs
 *(.eh_frame)
 *fill*         0x000000000800407e        0x2 
 .eh_frame      0x0000000008004080        0x0 /home/labgluon/.platformio/packages/toolchain-gccarmnoneeabi/bin/../lib/gcc/arm-none-eabi/7.2.1/thumb/v6-m/crtbegin.o
 *(.init)
 .init          0x0000000008004080        0x4 /home/labgluon/.platformio/packages/toolchain-gccarmnoneeabi/bin/../lib/gcc/arm-none-eabi/7.2.1/thumb/v6-m/crti.o
                0x0000000008004080                _init
 .init          0x0000000008004084        0x8 /home/labgluon/.platformio/packages/toolchain-gccarmnoneeabi/bin/../lib/gcc/arm-none-eabi/7.2.1/thumb/v6-m/crtn.o
 *(.fini)
 .fini          0x000000000800408c        0x4 /home/labgluon/.platformio/packages/toolchain-gccarmnoneeabi/bin/../lib/gcc/arm-none-eabi/7.2.1/thumb/v6-m/crti.o
                0x000000000800408c                _fini
 .fini          0x0000000008004090        0x8 /home/labgluon/.platformio/packages/toolchain-gccarmnoneeabi/bin/../lib/gcc/arm-none-eabi/7.2.1/thumb/v6-m/crtn.o
                0x0000000008004098                . = ALIGN (0x4)
                0x0000000008004098                _etext = .

.vfp11_veneer   0x0000000008004098        0x0
 .vfp11_veneer  0x0000000008004098        0x0 linker stubs

.v4_bx          0x0000000008004098        0x0
 .v4_bx         0x0000000008004098        0x0 linker stubs

.iplt           0x0000000008004098        0x0
 .iplt          0x0000000008004098        0x0 /home/labgluon/.platformio/packages/toolchain-gccarmnoneeabi/bin/../lib/gcc/arm-none-eabi/7.2.1/thumb/v6-m/crtbegin.o

.rodata         0x0000000008004098      0x114
                0x0000000008004098                . = ALIGN (0x4)
 *(.rodata)
 .rodata        0x0000000008004098       0x80 /home/labgluon/.platformio/packages/toolchain-gccarmnoneeabi/bin/../lib/gcc/arm-none-eabi/7.2.1/thumb/v6-m/libgcc.a(divsf3.o)
 .rodata        0x0000000008004118       0x40 /home/labgluon/.platformio/packages/toolchain-gccarmnoneeabi/bin/../lib/gcc/arm-none-eabi/7.2.1/thumb/v6-m/libgcc.a(mulsf3.o)
 *(.rodata*)
 .rodata.CSWTCH.59
                0x0000000008004158        0xd .pio/build/nucleo_l031k6/FrameworkHALDriver/Src/stm32l0xx_hal_uart.o
 *fill*         0x0000000008004165        0x3 
 .rodata._ZL17DEFAULT_SUPPLY_HW
                0x0000000008004168       0x20 .pio/build/nucleo_l031k6/src/main.o
 .rodata.AHBPrescTable
                0x0000000008004188       0x10 .pio/build/nucleo_l031k6/libFrameworkCMSISDevice.a(system_stm32l0xx.o)
                0x0000000008004188                AHBPrescTable
 .rodata.APBPrescTable
                0x0000000008004198        0x8 .pio/build/nucleo_l031k6/libFrameworkCMSISDevice.a(system_stm32l0xx.o)
                0x0000000008004198                APBPrescTable
 .rodata.PLLMulTable
                0x00000000080041a0        0x9 .pio/build/nucleo_l031k6/libFrameworkCMSISDevice.a(system_stm32l0xx.o)
                0x00000000080041a0                PLLMulTable
                0x00000000080041ac                . = ALIGN (0x4)
 *fill*         0x00000000080041a9        0x3 

.ARM.extab      0x00000000080041ac        0x0
                0x00000000080041ac                . = ALIGN (0x4)
 *(.ARM.extab* .gnu.linkonce.armextab.*)
                0x00000000080041ac                . = ALIGN (0x4)

.ARM            0x00000000080041ac        0x8
                0x00000000080041ac                . = ALIGN (0x4)
                0x00000000080041ac                __exidx_start = .
 *(.ARM.exidx*)
 .ARM.exidx     0x00000000080041ac        0x8 /home/labgluon/.platformio/packages/toolchain-gccarmnoneeabi/bin/../lib/gcc/arm-none-eabi/7.2.1/thumb/v6-m/libgcc.a(_udivmoddi4.o)
                0x00000000080041b4                __exidx_end = .
                0x00000000080041b4                . = ALIGN (0x4)

.rel.dyn        0x00000000080041b4        0x0
 .rel.iplt      0x00000000080041b4        0x0 /home/labgluon/.platformio/packages/toolchain-gccarmnoneeabi/bin/../lib/gcc/arm-none-eabi/7.2.1/thumb/v6-m/crtbegin.o

.preinit_array  0x00000000080041b4        0x0
                0x00000000080041b4                . = ALIGN (0x4)
                0x00000000080041b4                PROVIDE (__preinit_array_start, .)
 *(.preinit_array*)
                0x00000000080041b4                PROVIDE (__preinit_array_end, .)
                0x00000000080041b4                . = ALIGN (0x4)

.init_array     0x00000000080041b4        0x8
                0x00000000080041b4                . = ALIGN (0x4)
                0x00000000080041b4                PROVIDE (__init_array_start, .)
 *(SORT_BY_NAME(.init_array.*))
 *(.init_array*)
 .init_array    0x00000000080041b4        0x4 /home/labgluon/.platformio/packages/toolchain-gccarmnoneeabi/bin/../lib/gcc/arm-none-eabi/7.2.1/thumb/v6-m/crtbegin.o
 .init_array    0x00000000080041b8        0x4 .pio/build/nucleo_l031k6/src/main.o
                0x00000000080041bc                PROVIDE (__init_array_end, .)
                0x00000000080041bc                . = ALIGN (0x4)

.fini_array     0x00000000080041bc        0x4
                0x00000000080041bc                . = ALIGN (0x4)
                [!provide]                        PROVIDE (__fini_array_start, .)
 *(SORT_BY_NAME(.fini_array.*))
 *(.fini_array*)
 .fini_array    0x00000000080041bc        0x4 /home/labgluon/.platformio/packages/toolchain-gccarmnoneeabi/bin/../lib/gcc/arm-none-eabi/7.2.1/thumb/v6-m/crtbegin.o
                [!provide]                        PROVIDE (__fini_array_end, .)
                0x00000000080041c0                . = ALIGN (0x4)
                0x00000000080041c0                _sidata = LOADADDR (.data)

.data           0x0000000020000000       0x20 load address 0x00000000080041c0
                0x0000000020000000                . = ALIGN (0x4)
                0x0000000020000000                _sdata = .
 *(.data)
 *(.data*)
 .data.uwTickFreq
                0x0000000020000000        0x1 .pio/build/nucleo_l031k6/FrameworkHALDriver/Src/stm32l0xx_hal.o
                0x0000000020000000                uwTickFreq
 *fill*         0x0000000020000001        0x3 
 .data.uwTickPrio
                0x0000000020000004        0x4 .pio/build/nucleo_l031k6/FrameworkHALDriver/Src/stm32l0xx_hal.o
                0x0000000020000004                uwTickPrio
 .data.dataMap  0x0000000020000008        0xe .pio/build/nucleo_l031k6/src/main.o
                0x0000000020000008                dataMap
 *fill*         0x0000000020000016        0x2 
 .data.i2cDataMem
                0x0000000020000018        0x4 .pio/build/nucleo_l031k6/src/main.o
                0x0000000020000018                i2cDataMem
 .data.SystemCoreClock
                0x000000002000001c        0x4 .pio/build/nucleo_l031k6/libFrameworkCMSISDevice.a(system_stm32l0xx.o)
                0x000000002000001c                SystemCoreClock
 *(.RamFunc)
 *(.RamFunc*)
                0x0000000020000020                . = ALIGN (0x4)
                0x0000000020000020                _edata = .

.igot.plt       0x0000000020000020        0x0 load address 0x00000000080041e0
 .igot.plt      0x0000000020000020        0x0 /home/labgluon/.platformio/packages/toolchain-gccarmnoneeabi/bin/../lib/gcc/arm-none-eabi/7.2.1/thumb/v6-m/crtbegin.o
                0x0000000020000020                . = ALIGN (0x4)

.bss            0x0000000020000020      0x1d8 load address 0x00000000080041e0
                0x0000000020000020                _sbss = .
                0x0000000020000020                __bss_start__ = _sbss
 *(.bss)
 .bss           0x0000000020000020       0x1c /home/labgluon/.platformio/packages/toolchain-gccarmnoneeabi/bin/../lib/gcc/arm-none-eabi/7.2.1/thumb/v6-m/crtbegin.o
 *(.bss*)
 .bss.end       0x000000002000003c        0x4 .pio/build/nucleo_l031k6/src/main.o
                0x000000002000003c                end
 .bss.newData   0x0000000020000040        0x1 .pio/build/nucleo_l031k6/src/main.o
                0x0000000020000040                newData
 *fill*         0x0000000020000041        0x3 
 .bss.nextReadDataOffset
                0x0000000020000044        0x4 .pio/build/nucleo_l031k6/src/main.o
                0x0000000020000044                nextReadDataOffset
 .bss.rcvData   0x0000000020000048        0xa .pio/build/nucleo_l031k6/src/main.o
                0x0000000020000048                rcvData
 .bss.rcvDataCount
                0x0000000020000052        0x1 .pio/build/nucleo_l031k6/src/main.o
                0x0000000020000052                rcvDataCount
 *fill*         0x0000000020000053        0x1 
 .bss.supplyBoard
                0x0000000020000054       0x80 .pio/build/nucleo_l031k6/src/main.o
                0x0000000020000054                supplyBoard
 .bss.tim2      0x00000000200000d4       0x40 .pio/build/nucleo_l031k6/src/main.o
                0x00000000200000d4                tim2
 .bss._ZN11SupplyBoard11s_hI2cSlaveE
                0x0000000020000114       0x4c .pio/build/nucleo_l031k6/lib8e2/libsupplyBoardLib.a(supplyBoard.o)
                0x0000000020000114                SupplyBoard::s_hI2cSlave
 .bss._ZN11SupplyBoard4hDmaE
                0x0000000020000160       0x48 .pio/build/nucleo_l031k6/lib8e2/libsupplyBoardLib.a(supplyBoard.o)
                0x0000000020000160                SupplyBoard::hDma
 .bss.c_hI2cSlave
                0x00000000200001a8       0x4c .pio/build/nucleo_l031k6/lib8e2/libsupplyBoardLib.a(supplyBoard_it.o)
                0x00000000200001a8                c_hI2cSlave
 *(COMMON)
 COMMON         0x00000000200001f4        0x4 .pio/build/nucleo_l031k6/FrameworkHALDriver/Src/stm32l0xx_hal.o
                0x00000000200001f4                uwTick
                0x00000000200001f8                . = ALIGN (0x4)
                0x00000000200001f8                _ebss = .
                0x00000000200001f8                __bss_end__ = _ebss

._user_heap_stack
                0x00000000200001f8      0x600 load address 0x00000000080041e0
                0x00000000200001f8                . = ALIGN (0x8)
                [!provide]                        PROVIDE (end, .)
                [!provide]                        PROVIDE (_end, .)
                0x00000000200003f8                . = (. + _Min_Heap_Size)
 *fill*         0x00000000200001f8      0x200 
                0x00000000200007f8                . = (. + _Min_Stack_Size)
 *fill*         0x00000000200003f8      0x400 
                0x00000000200007f8                . = ALIGN (0x8)

/DISCARD/
 libc.a(*)
 libm.a(*)
 libgcc.a(*)

.ARM.attributes
                0x0000000000000000       0x28
 *(.ARM.attributes)
 .ARM.attributes
                0x0000000000000000       0x1e /home/labgluon/.platformio/packages/toolchain-gccarmnoneeabi/bin/../lib/gcc/arm-none-eabi/7.2.1/thumb/v6-m/crti.o
 .ARM.attributes
                0x000000000000001e       0x2c /home/labgluon/.platformio/packages/toolchain-gccarmnoneeabi/bin/../lib/gcc/arm-none-eabi/7.2.1/thumb/v6-m/crtbegin.o
 .ARM.attributes
                0x000000000000004a       0x32 .pio/build/nucleo_l031k6/FrameworkHALDriver/Src/stm32l0xx_hal.o
 .ARM.attributes
                0x000000000000007c       0x32 .pio/build/nucleo_l031k6/FrameworkHALDriver/Src/stm32l0xx_hal_adc.o
 .ARM.attributes
                0x00000000000000ae       0x32 .pio/build/nucleo_l031k6/FrameworkHALDriver/Src/stm32l0xx_hal_adc_ex.o
 .ARM.attributes
                0x00000000000000e0       0x32 .pio/build/nucleo_l031k6/FrameworkHALDriver/Src/stm32l0xx_hal_cortex.o
 .ARM.attributes
                0x0000000000000112       0x32 .pio/build/nucleo_l031k6/FrameworkHALDriver/Src/stm32l0xx_hal_dma.o
 .ARM.attributes
                0x0000000000000144       0x32 .pio/build/nucleo_l031k6/FrameworkHALDriver/Src/stm32l0xx_hal_gpio.o
 .ARM.attributes
                0x0000000000000176       0x32 .pio/build/nucleo_l031k6/FrameworkHALDriver/Src/stm32l0xx_hal_i2c.o
 .ARM.attributes
                0x00000000000001a8       0x32 .pio/build/nucleo_l031k6/FrameworkHALDriver/Src/stm32l0xx_hal_i2c_ex.o
 .ARM.attributes
                0x00000000000001da       0x32 .pio/build/nucleo_l031k6/FrameworkHALDriver/Src/stm32l0xx_hal_rcc.o
 .ARM.attributes
                0x000000000000020c       0x32 .pio/build/nucleo_l031k6/FrameworkHALDriver/Src/stm32l0xx_hal_rcc_ex.o
 .ARM.attributes
                0x000000000000023e       0x32 .pio/build/nucleo_l031k6/FrameworkHALDriver/Src/stm32l0xx_hal_tim.o
 .ARM.attributes
                0x0000000000000270       0x32 .pio/build/nucleo_l031k6/FrameworkHALDriver/Src/stm32l0xx_hal_uart.o
 .ARM.attributes
                0x00000000000002a2       0x32 .pio/build/nucleo_l031k6/src/main.o
 .ARM.attributes
                0x00000000000002d4       0x32 .pio/build/nucleo_l031k6/src/stm32l031_it.o
 .ARM.attributes
                0x0000000000000306       0x32 .pio/build/nucleo_l031k6/lib8e2/libsupplyBoardLib.a(supplyBoard.o)
 .ARM.attributes
                0x0000000000000338       0x32 .pio/build/nucleo_l031k6/lib8e2/libsupplyBoardLib.a(supplyBoard_it.o)
 .ARM.attributes
                0x000000000000036a       0x1e /home/labgluon/.platformio/packages/toolchain-gccarmnoneeabi/bin/../lib/gcc/arm-none-eabi/7.2.1/thumb/v6-m/libgcc.a(_thumb1_case_sqi.o)
 .ARM.attributes
                0x0000000000000388       0x1e /home/labgluon/.platformio/packages/toolchain-gccarmnoneeabi/bin/../lib/gcc/arm-none-eabi/7.2.1/thumb/v6-m/libgcc.a(_thumb1_case_uqi.o)
 .ARM.attributes
                0x00000000000003a6       0x1e /home/labgluon/.platformio/packages/toolchain-gccarmnoneeabi/bin/../lib/gcc/arm-none-eabi/7.2.1/thumb/v6-m/libgcc.a(_udivsi3.o)
 .ARM.attributes
                0x00000000000003c4       0x1e /home/labgluon/.platformio/packages/toolchain-gccarmnoneeabi/bin/../lib/gcc/arm-none-eabi/7.2.1/thumb/v6-m/libgcc.a(_dvmd_tls.o)
 .ARM.attributes
                0x00000000000003e2       0x1e /home/labgluon/.platformio/packages/toolchain-gccarmnoneeabi/bin/../lib/gcc/arm-none-eabi/7.2.1/thumb/v6-m/libgcc.a(_aeabi_uldivmod.o)
 .ARM.attributes
                0x0000000000000400       0x2c /home/labgluon/.platformio/packages/toolchain-gccarmnoneeabi/bin/../lib/gcc/arm-none-eabi/7.2.1/thumb/v6-m/libgcc.a(_muldi3.o)
 .ARM.attributes
                0x000000000000042c       0x2c /home/labgluon/.platformio/packages/toolchain-gccarmnoneeabi/bin/../lib/gcc/arm-none-eabi/7.2.1/thumb/v6-m/libgcc.a(_fixunssfsi.o)
 .ARM.attributes
                0x0000000000000458       0x2c /home/labgluon/.platformio/packages/toolchain-gccarmnoneeabi/bin/../lib/gcc/arm-none-eabi/7.2.1/thumb/v6-m/libgcc.a(_udivmoddi4.o)
 .ARM.attributes
                0x0000000000000484       0x2c /home/labgluon/.platformio/packages/toolchain-gccarmnoneeabi/bin/../lib/gcc/arm-none-eabi/7.2.1/thumb/v6-m/libgcc.a(addsf3.o)
 .ARM.attributes
                0x00000000000004b0       0x2c /home/labgluon/.platformio/packages/toolchain-gccarmnoneeabi/bin/../lib/gcc/arm-none-eabi/7.2.1/thumb/v6-m/libgcc.a(divsf3.o)
 .ARM.attributes
                0x00000000000004dc       0x2c /home/labgluon/.platformio/packages/toolchain-gccarmnoneeabi/bin/../lib/gcc/arm-none-eabi/7.2.1/thumb/v6-m/libgcc.a(mulsf3.o)
 .ARM.attributes
                0x0000000000000508       0x2c /home/labgluon/.platformio/packages/toolchain-gccarmnoneeabi/bin/../lib/gcc/arm-none-eabi/7.2.1/thumb/v6-m/libgcc.a(subsf3.o)
 .ARM.attributes
                0x0000000000000534       0x2c /home/labgluon/.platformio/packages/toolchain-gccarmnoneeabi/bin/../lib/gcc/arm-none-eabi/7.2.1/thumb/v6-m/libgcc.a(fixsfsi.o)
 .ARM.attributes
                0x0000000000000560       0x2c /home/labgluon/.platformio/packages/toolchain-gccarmnoneeabi/bin/../lib/gcc/arm-none-eabi/7.2.1/thumb/v6-m/libgcc.a(floatsisf.o)
 .ARM.attributes
                0x000000000000058c       0x1e /home/labgluon/.platformio/packages/toolchain-gccarmnoneeabi/bin/../lib/gcc/arm-none-eabi/7.2.1/thumb/v6-m/libgcc.a(_arm_cmpsf2.o)
 .ARM.attributes
                0x00000000000005aa       0x1e /home/labgluon/.platformio/packages/toolchain-gccarmnoneeabi/bin/../lib/gcc/arm-none-eabi/7.2.1/thumb/v6-m/libgcc.a(_clzsi2.o)
 .ARM.attributes
                0x00000000000005c8       0x1e /home/labgluon/.platformio/packages/toolchain-gccarmnoneeabi/bin/../lib/gcc/arm-none-eabi/7.2.1/thumb/v6-m/libgcc.a(_clzdi2.o)
 .ARM.attributes
                0x00000000000005e6       0x2c /home/labgluon/.platformio/packages/toolchain-gccarmnoneeabi/bin/../lib/gcc/arm-none-eabi/7.2.1/thumb/v6-m/libgcc.a(eqsf2.o)
 .ARM.attributes
                0x0000000000000612       0x2c /home/labgluon/.platformio/packages/toolchain-gccarmnoneeabi/bin/../lib/gcc/arm-none-eabi/7.2.1/thumb/v6-m/libgcc.a(gesf2.o)
 .ARM.attributes
                0x000000000000063e       0x2c /home/labgluon/.platformio/packages/toolchain-gccarmnoneeabi/bin/../lib/gcc/arm-none-eabi/7.2.1/thumb/v6-m/libgcc.a(lesf2.o)
 .ARM.attributes
                0x000000000000066a       0x22 .pio/build/nucleo_l031k6/libFrameworkCMSISDevice.a(startup_stm32l031xx.o)
 .ARM.attributes
                0x000000000000068c       0x32 .pio/build/nucleo_l031k6/libFrameworkCMSISDevice.a(system_stm32l0xx.o)
 .ARM.attributes
                0x00000000000006be       0x2c /home/labgluon/.platformio/packages/toolchain-gccarmnoneeabi/bin/../lib/gcc/arm-none-eabi/7.2.1/../../../../arm-none-eabi/lib/thumb/v6-m/libc_nano.a(lib_a-init.o)
 .ARM.attributes
                0x00000000000006ea       0x2c /home/labgluon/.platformio/packages/toolchain-gccarmnoneeabi/bin/../lib/gcc/arm-none-eabi/7.2.1/../../../../arm-none-eabi/lib/thumb/v6-m/libc_nano.a(lib_a-memcpy-stub.o)
 .ARM.attributes
                0x0000000000000716       0x2c /home/labgluon/.platformio/packages/toolchain-gccarmnoneeabi/bin/../lib/gcc/arm-none-eabi/7.2.1/../../../../arm-none-eabi/lib/thumb/v6-m/libc_nano.a(lib_a-memset.o)
 .ARM.attributes
                0x0000000000000742       0x1e /home/labgluon/.platformio/packages/toolchain-gccarmnoneeabi/bin/../lib/gcc/arm-none-eabi/7.2.1/thumb/v6-m/crtn.o
OUTPUT(.pio/build/nucleo_l031k6/firmware.elf elf32-littlearm)

.comment        0x0000000000000000       0x7e
 .comment       0x0000000000000000       0x7e .pio/build/nucleo_l031k6/FrameworkHALDriver/Src/stm32l0xx_hal.o
                                         0x7f (size before relaxing)
 .comment       0x000000000000007e       0x7f .pio/build/nucleo_l031k6/FrameworkHALDriver/Src/stm32l0xx_hal_adc.o
 .comment       0x000000000000007e       0x7f .pio/build/nucleo_l031k6/FrameworkHALDriver/Src/stm32l0xx_hal_adc_ex.o
 .comment       0x000000000000007e       0x7f .pio/build/nucleo_l031k6/FrameworkHALDriver/Src/stm32l0xx_hal_cortex.o
 .comment       0x000000000000007e       0x7f .pio/build/nucleo_l031k6/FrameworkHALDriver/Src/stm32l0xx_hal_dma.o
 .comment       0x000000000000007e       0x7f .pio/build/nucleo_l031k6/FrameworkHALDriver/Src/stm32l0xx_hal_gpio.o
 .comment       0x000000000000007e       0x7f .pio/build/nucleo_l031k6/FrameworkHALDriver/Src/stm32l0xx_hal_i2c.o
 .comment       0x000000000000007e       0x7f .pio/build/nucleo_l031k6/FrameworkHALDriver/Src/stm32l0xx_hal_i2c_ex.o
 .comment       0x000000000000007e       0x7f .pio/build/nucleo_l031k6/FrameworkHALDriver/Src/stm32l0xx_hal_rcc.o
 .comment       0x000000000000007e       0x7f .pio/build/nucleo_l031k6/FrameworkHALDriver/Src/stm32l0xx_hal_rcc_ex.o
 .comment       0x000000000000007e       0x7f .pio/build/nucleo_l031k6/FrameworkHALDriver/Src/stm32l0xx_hal_tim.o
 .comment       0x000000000000007e       0x7f .pio/build/nucleo_l031k6/FrameworkHALDriver/Src/stm32l0xx_hal_uart.o
 .comment       0x000000000000007e       0x7f .pio/build/nucleo_l031k6/src/main.o
 .comment       0x000000000000007e       0x7f .pio/build/nucleo_l031k6/src/stm32l031_it.o
 .comment       0x000000000000007e       0x7f .pio/build/nucleo_l031k6/lib8e2/libsupplyBoardLib.a(supplyBoard.o)
 .comment       0x000000000000007e       0x7f .pio/build/nucleo_l031k6/lib8e2/libsupplyBoardLib.a(supplyBoard_it.o)
 .comment       0x000000000000007e       0x7f .pio/build/nucleo_l031k6/libFrameworkCMSISDevice.a(system_stm32l0xx.o)

.debug_frame    0x0000000000000000      0x2e4
 .debug_frame   0x0000000000000000       0x20 /home/labgluon/.platformio/packages/toolchain-gccarmnoneeabi/bin/../lib/gcc/arm-none-eabi/7.2.1/thumb/v6-m/libgcc.a(_udivsi3.o)
 .debug_frame   0x0000000000000020       0x34 /home/labgluon/.platformio/packages/toolchain-gccarmnoneeabi/bin/../lib/gcc/arm-none-eabi/7.2.1/thumb/v6-m/libgcc.a(_muldi3.o)
 .debug_frame   0x0000000000000054       0x28 /home/labgluon/.platformio/packages/toolchain-gccarmnoneeabi/bin/../lib/gcc/arm-none-eabi/7.2.1/thumb/v6-m/libgcc.a(_fixunssfsi.o)
 .debug_frame   0x000000000000007c       0x3c /home/labgluon/.platformio/packages/toolchain-gccarmnoneeabi/bin/../lib/gcc/arm-none-eabi/7.2.1/thumb/v6-m/libgcc.a(_udivmoddi4.o)
 .debug_frame   0x00000000000000b8       0x38 /home/labgluon/.platformio/packages/toolchain-gccarmnoneeabi/bin/../lib/gcc/arm-none-eabi/7.2.1/thumb/v6-m/libgcc.a(addsf3.o)
 .debug_frame   0x00000000000000f0       0x3c /home/labgluon/.platformio/packages/toolchain-gccarmnoneeabi/bin/../lib/gcc/arm-none-eabi/7.2.1/thumb/v6-m/libgcc.a(divsf3.o)
 .debug_frame   0x000000000000012c       0x3c /home/labgluon/.platformio/packages/toolchain-gccarmnoneeabi/bin/../lib/gcc/arm-none-eabi/7.2.1/thumb/v6-m/libgcc.a(mulsf3.o)
 .debug_frame   0x0000000000000168       0x38 /home/labgluon/.platformio/packages/toolchain-gccarmnoneeabi/bin/../lib/gcc/arm-none-eabi/7.2.1/thumb/v6-m/libgcc.a(subsf3.o)
 .debug_frame   0x00000000000001a0       0x20 /home/labgluon/.platformio/packages/toolchain-gccarmnoneeabi/bin/../lib/gcc/arm-none-eabi/7.2.1/thumb/v6-m/libgcc.a(fixsfsi.o)
 .debug_frame   0x00000000000001c0       0x2c /home/labgluon/.platformio/packages/toolchain-gccarmnoneeabi/bin/../lib/gcc/arm-none-eabi/7.2.1/thumb/v6-m/libgcc.a(floatsisf.o)
 .debug_frame   0x00000000000001ec       0x2c /home/labgluon/.platformio/packages/toolchain-gccarmnoneeabi/bin/../lib/gcc/arm-none-eabi/7.2.1/thumb/v6-m/libgcc.a(eqsf2.o)
 .debug_frame   0x0000000000000218       0x2c /home/labgluon/.platformio/packages/toolchain-gccarmnoneeabi/bin/../lib/gcc/arm-none-eabi/7.2.1/thumb/v6-m/libgcc.a(gesf2.o)
 .debug_frame   0x0000000000000244       0x2c /home/labgluon/.platformio/packages/toolchain-gccarmnoneeabi/bin/../lib/gcc/arm-none-eabi/7.2.1/thumb/v6-m/libgcc.a(lesf2.o)
 .debug_frame   0x0000000000000270       0x2c /home/labgluon/.platformio/packages/toolchain-gccarmnoneeabi/bin/../lib/gcc/arm-none-eabi/7.2.1/../../../../arm-none-eabi/lib/thumb/v6-m/libc_nano.a(lib_a-init.o)
 .debug_frame   0x000000000000029c       0x28 /home/labgluon/.platformio/packages/toolchain-gccarmnoneeabi/bin/../lib/gcc/arm-none-eabi/7.2.1/../../../../arm-none-eabi/lib/thumb/v6-m/libc_nano.a(lib_a-memcpy-stub.o)
 .debug_frame   0x00000000000002c4       0x20 /home/labgluon/.platformio/packages/toolchain-gccarmnoneeabi/bin/../lib/gcc/arm-none-eabi/7.2.1/../../../../arm-none-eabi/lib/thumb/v6-m/libc_nano.a(lib_a-memset.o)
