Archive member included to satisfy reference by file (symbol)

.pio/build/nucleo_l031k6/lib8e2/libsupplyBoardLib.a(supplyBoard.o)
                              .pio/build/nucleo_l031k6/src/main.o (SupplyBoard::SupplyBoard())
.pio/build/nucleo_l031k6/lib8e2/libsupplyBoardLib.a(supplyBoard_it.o)
                              .pio/build/nucleo_l031k6/lib8e2/libsupplyBoardLib.a(supplyBoard.o) (c_hI2cSlave)
/home/labgluon/.platformio/packages/toolchain-gccarmnoneeabi/bin/../lib/gcc/arm-none-eabi/7.2.1/thumb/v6-m/libgcc.a(_thumb1_case_sqi.o)
                              .pio/build/nucleo_l031k6/FrameworkHALDriver/Src/stm32l0xx_hal_uart.o (__gnu_thumb1_case_sqi)
/home/labgluon/.platformio/packages/toolchain-gccarmnoneeabi/bin/../lib/gcc/arm-none-eabi/7.2.1/thumb/v6-m/libgcc.a(_thumb1_case_uqi.o)
                              .pio/build/nucleo_l031k6/FrameworkHALDriver/Src/stm32l0xx_hal_dma.o (__gnu_thumb1_case_uqi)
/home/labgluon/.platformio/packages/toolchain-gccarmnoneeabi/bin/../lib/gcc/arm-none-eabi/7.2.1/thumb/v6-m/libgcc.a(_udivsi3.o)
                              .pio/build/nucleo_l031k6/FrameworkHALDriver/Src/stm32l0xx_hal.o (__aeabi_uidiv)
/home/labgluon/.platformio/packages/toolchain-gccarmnoneeabi/bin/../lib/gcc/arm-none-eabi/7.2.1/thumb/v6-m/libgcc.a(_divsi3.o)
                              .pio/build/nucleo_l031k6/FrameworkHALDriver/Src/stm32l0xx_hal.o (__aeabi_idiv)
/home/labgluon/.platformio/packages/toolchain-gccarmnoneeabi/bin/../lib/gcc/arm-none-eabi/7.2.1/thumb/v6-m/libgcc.a(_dvmd_tls.o)
                              /home/labgluon/.platformio/packages/toolchain-gccarmnoneeabi/bin/../lib/gcc/arm-none-eabi/7.2.1/thumb/v6-m/libgcc.a(_udivsi3.o) (__aeabi_idiv0)
/home/labgluon/.platformio/packages/toolchain-gccarmnoneeabi/bin/../lib/gcc/arm-none-eabi/7.2.1/thumb/v6-m/libgcc.a(_aeabi_ldivmod.o)
                              .pio/build/nucleo_l031k6/FrameworkHALDriver/Src/stm32l0xx_hal_rcc.o (__aeabi_ldivmod)
/home/labgluon/.platformio/packages/toolchain-gccarmnoneeabi/bin/../lib/gcc/arm-none-eabi/7.2.1/thumb/v6-m/libgcc.a(_aeabi_uldivmod.o)
                              .pio/build/nucleo_l031k6/FrameworkHALDriver/Src/stm32l0xx_hal_rcc.o (__aeabi_uldivmod)
/home/labgluon/.platformio/packages/toolchain-gccarmnoneeabi/bin/../lib/gcc/arm-none-eabi/7.2.1/thumb/v6-m/libgcc.a(_muldi3.o)
                              .pio/build/nucleo_l031k6/FrameworkHALDriver/Src/stm32l0xx_hal_rcc.o (__aeabi_lmul)
/home/labgluon/.platformio/packages/toolchain-gccarmnoneeabi/bin/../lib/gcc/arm-none-eabi/7.2.1/thumb/v6-m/libgcc.a(_udivmoddi4.o)
                              /home/labgluon/.platformio/packages/toolchain-gccarmnoneeabi/bin/../lib/gcc/arm-none-eabi/7.2.1/thumb/v6-m/libgcc.a(_aeabi_uldivmod.o) (__udivmoddi4)
/home/labgluon/.platformio/packages/toolchain-gccarmnoneeabi/bin/../lib/gcc/arm-none-eabi/7.2.1/thumb/v6-m/libgcc.a(bpabi.o)
                              /home/labgluon/.platformio/packages/toolchain-gccarmnoneeabi/bin/../lib/gcc/arm-none-eabi/7.2.1/thumb/v6-m/libgcc.a(_aeabi_ldivmod.o) (__gnu_ldivmod_helper)
/home/labgluon/.platformio/packages/toolchain-gccarmnoneeabi/bin/../lib/gcc/arm-none-eabi/7.2.1/thumb/v6-m/libgcc.a(_clzdi2.o)
                              /home/labgluon/.platformio/packages/toolchain-gccarmnoneeabi/bin/../lib/gcc/arm-none-eabi/7.2.1/thumb/v6-m/libgcc.a(_udivmoddi4.o) (__clzdi2)
/home/labgluon/.platformio/packages/toolchain-gccarmnoneeabi/bin/../lib/gcc/arm-none-eabi/7.2.1/thumb/v6-m/libgcc.a(_divdi3.o)
                              /home/labgluon/.platformio/packages/toolchain-gccarmnoneeabi/bin/../lib/gcc/arm-none-eabi/7.2.1/thumb/v6-m/libgcc.a(bpabi.o) (__divdi3)
/home/labgluon/.platformio/packages/toolchain-gccarmnoneeabi/bin/../lib/gcc/arm-none-eabi/7.2.1/thumb/v6-m/libgcc.a(_clzsi2.o)
                              /home/labgluon/.platformio/packages/toolchain-gccarmnoneeabi/bin/../lib/gcc/arm-none-eabi/7.2.1/thumb/v6-m/libgcc.a(_clzdi2.o) (__clzsi2)
.pio/build/nucleo_l031k6/libFrameworkCMSISDevice.a(startup_stm32l031xx.o)
                              (Reset_Handler)
.pio/build/nucleo_l031k6/libFrameworkCMSISDevice.a(system_stm32l0xx.o)
                              .pio/build/nucleo_l031k6/libFrameworkCMSISDevice.a(startup_stm32l031xx.o) (SystemInit)
/home/labgluon/.platformio/packages/toolchain-gccarmnoneeabi/bin/../lib/gcc/arm-none-eabi/7.2.1/../../../../arm-none-eabi/lib/thumb/v6-m/libc_nano.a(lib_a-exit.o)
                              /home/labgluon/.platformio/packages/toolchain-gccarmnoneeabi/bin/../lib/gcc/arm-none-eabi/7.2.1/../../../../arm-none-eabi/lib/thumb/v6-m/crt0.o (exit)
/home/labgluon/.platformio/packages/toolchain-gccarmnoneeabi/bin/../lib/gcc/arm-none-eabi/7.2.1/../../../../arm-none-eabi/lib/thumb/v6-m/libc_nano.a(lib_a-impure.o)
                              /home/labgluon/.platformio/packages/toolchain-gccarmnoneeabi/bin/../lib/gcc/arm-none-eabi/7.2.1/../../../../arm-none-eabi/lib/thumb/v6-m/libc_nano.a(lib_a-exit.o) (_global_impure_ptr)
[...]
Memory Configuration

Name             Origin             Length             Attributes
RAM              0x0000000020000000 0x0000000000002000 xrw
FLASH            0x0000000008000000 0x0000000000008000 xr
*default*        0x0000000000000000 0xffffffffffffffff

Linker script and memory map

LOAD /home/labgluon/.platformio/packages/toolchain-gccarmnoneeabi/bin/../lib/gcc/arm-none-eabi/7.2.1/thumb/v6-m/crti.o
LOAD /home/labgluon/.platformio/packages/toolchain-gccarmnoneeabi/bin/../lib/gcc/arm-none-eabi/7.2.1/thumb/v6-m/crtbegin.o
LOAD /home/labgluon/.platformio/packages/toolchain-gccarmnoneeabi/bin/../lib/gcc/arm-none-eabi/7.2.1/../../../../arm-none-eabi/lib/thumb/v6-m/crt0.o
LOAD .pio/build/nucleo_l031k6/FrameworkHALDriver/Src/stm32l0xx_hal.o
LOAD .pio/build/nucleo_l031k6/FrameworkHALDriver/Src/stm32l0xx_hal_adc.o
LOAD .pio/build/nucleo_l031k6/FrameworkHALDriver/Src/stm32l0xx_hal_adc_ex.o
LOAD .pio/build/nucleo_l031k6/FrameworkHALDriver/Src/stm32l0xx_hal_comp.o
LOAD .pio/build/nucleo_l031k6/FrameworkHALDriver/Src/stm32l0xx_hal_comp_ex.o
LOAD .pio/build/nucleo_l031k6/FrameworkHALDriver/Src/stm32l0xx_hal_cortex.o
LOAD .pio/build/nucleo_l031k6/FrameworkHALDriver/Src/stm32l0xx_hal_crc.o
LOAD .pio/build/nucleo_l031k6/FrameworkHALDriver/Src/stm32l0xx_hal_crc_ex.o
LOAD .pio/build/nucleo_l031k6/FrameworkHALDriver/Src/stm32l0xx_hal_cryp.o
LOAD .pio/build/nucleo_l031k6/FrameworkHALDriver/Src/stm32l0xx_hal_cryp_ex.o
LOAD .pio/build/nucleo_l031k6/FrameworkHALDriver/Src/stm32l0xx_hal_dac.o
LOAD .pio/build/nucleo_l031k6/FrameworkHALDriver/Src/stm32l0xx_hal_dac_ex.o
LOAD .pio/build/nucleo_l031k6/FrameworkHALDriver/Src/stm32l0xx_hal_dma.o
LOAD .pio/build/nucleo_l031k6/FrameworkHALDriver/Src/stm32l0xx_hal_exti.o
LOAD .pio/build/nucleo_l031k6/FrameworkHALDriver/Src/stm32l0xx_hal_firewall.o
LOAD .pio/build/nucleo_l031k6/FrameworkHALDriver/Src/stm32l0xx_hal_flash.o
LOAD .pio/build/nucleo_l031k6/FrameworkHALDriver/Src/stm32l0xx_hal_flash_ex.o
LOAD .pio/build/nucleo_l031k6/FrameworkHALDriver/Src/stm32l0xx_hal_flash_ramfunc.o
LOAD .pio/build/nucleo_l031k6/FrameworkHALDriver/Src/stm32l0xx_hal_gpio.o
LOAD .pio/build/nucleo_l031k6/FrameworkHALDriver/Src/stm32l0xx_hal_i2c.o
LOAD .pio/build/nucleo_l031k6/FrameworkHALDriver/Src/stm32l0xx_hal_i2c_ex.o
LOAD .pio/build/nucleo_l031k6/FrameworkHALDriver/Src/stm32l0xx_hal_i2s.o
LOAD .pio/build/nucleo_l031k6/FrameworkHALDriver/Src/stm32l0xx_hal_irda.o
LOAD .pio/build/nucleo_l031k6/FrameworkHALDriver/Src/stm32l0xx_hal_iwdg.o
LOAD .pio/build/nucleo_l031k6/FrameworkHALDriver/Src/stm32l0xx_hal_lcd.o
LOAD .pio/build/nucleo_l031k6/FrameworkHALDriver/Src/stm32l0xx_hal_lptim.o
LOAD .pio/build/nucleo_l031k6/FrameworkHALDriver/Src/stm32l0xx_hal_pcd.o
LOAD .pio/build/nucleo_l031k6/FrameworkHALDriver/Src/stm32l0xx_hal_pcd_ex.o
LOAD .pio/build/nucleo_l031k6/FrameworkHALDriver/Src/stm32l0xx_hal_pwr.o
LOAD .pio/build/nucleo_l031k6/FrameworkHALDriver/Src/stm32l0xx_hal_pwr_ex.o
LOAD .pio/build/nucleo_l031k6/FrameworkHALDriver/Src/stm32l0xx_hal_rcc.o
LOAD .pio/build/nucleo_l031k6/FrameworkHALDriver/Src/stm32l0xx_hal_rcc_ex.o
LOAD .pio/build/nucleo_l031k6/FrameworkHALDriver/Src/stm32l0xx_hal_rng.o
LOAD .pio/build/nucleo_l031k6/FrameworkHALDriver/Src/stm32l0xx_hal_rtc.o
LOAD .pio/build/nucleo_l031k6/FrameworkHALDriver/Src/stm32l0xx_hal_rtc_ex.o
LOAD .pio/build/nucleo_l031k6/FrameworkHALDriver/Src/stm32l0xx_hal_smartcard.o
LOAD .pio/build/nucleo_l031k6/FrameworkHALDriver/Src/stm32l0xx_hal_smartcard_ex.o
LOAD .pio/build/nucleo_l031k6/FrameworkHALDriver/Src/stm32l0xx_hal_smbus.o
LOAD .pio/build/nucleo_l031k6/FrameworkHALDriver/Src/stm32l0xx_hal_smbus_ex.o
LOAD .pio/build/nucleo_l031k6/FrameworkHALDriver/Src/stm32l0xx_hal_spi.o
LOAD .pio/build/nucleo_l031k6/FrameworkHALDriver/Src/stm32l0xx_hal_tim.o
LOAD .pio/build/nucleo_l031k6/FrameworkHALDriver/Src/stm32l0xx_hal_tim_ex.o
LOAD .pio/build/nucleo_l031k6/FrameworkHALDriver/Src/stm32l0xx_hal_tsc.o
LOAD .pio/build/nucleo_l031k6/FrameworkHALDriver/Src/stm32l0xx_hal_uart.o
LOAD .pio/build/nucleo_l031k6/FrameworkHALDriver/Src/stm32l0xx_hal_uart_ex.o
LOAD .pio/build/nucleo_l031k6/FrameworkHALDriver/Src/stm32l0xx_hal_usart.o
LOAD .pio/build/nucleo_l031k6/FrameworkHALDriver/Src/stm32l0xx_hal_wwdg.o
LOAD .pio/build/nucleo_l031k6/FrameworkHALDriver/Src/stm32l0xx_ll_adc.o
LOAD .pio/build/nucleo_l031k6/FrameworkHALDriver/Src/stm32l0xx_ll_comp.o
LOAD .pio/build/nucleo_l031k6/FrameworkHALDriver/Src/stm32l0xx_ll_crc.o
LOAD .pio/build/nucleo_l031k6/FrameworkHALDriver/Src/stm32l0xx_ll_crs.o
LOAD .pio/build/nucleo_l031k6/FrameworkHALDriver/Src/stm32l0xx_ll_dac.o
LOAD .pio/build/nucleo_l031k6/FrameworkHALDriver/Src/stm32l0xx_ll_dma.o
LOAD .pio/build/nucleo_l031k6/FrameworkHALDriver/Src/stm32l0xx_ll_exti.o
LOAD .pio/build/nucleo_l031k6/FrameworkHALDriver/Src/stm32l0xx_ll_gpio.o
LOAD .pio/build/nucleo_l031k6/FrameworkHALDriver/Src/stm32l0xx_ll_i2c.o
LOAD .pio/build/nucleo_l031k6/FrameworkHALDriver/Src/stm32l0xx_ll_lptim.o
LOAD .pio/build/nucleo_l031k6/FrameworkHALDriver/Src/stm32l0xx_ll_lpuart.o
LOAD .pio/build/nucleo_l031k6/FrameworkHALDriver/Src/stm32l0xx_ll_pwr.o
LOAD .pio/build/nucleo_l031k6/FrameworkHALDriver/Src/stm32l0xx_ll_rcc.o
LOAD .pio/build/nucleo_l031k6/FrameworkHALDriver/Src/stm32l0xx_ll_rng.o
LOAD .pio/build/nucleo_l031k6/FrameworkHALDriver/Src/stm32l0xx_ll_rtc.o
LOAD .pio/build/nucleo_l031k6/FrameworkHALDriver/Src/stm32l0xx_ll_spi.o
LOAD .pio/build/nucleo_l031k6/FrameworkHALDriver/Src/stm32l0xx_ll_tim.o
LOAD .pio/build/nucleo_l031k6/FrameworkHALDriver/Src/stm32l0xx_ll_usart.o
LOAD .pio/build/nucleo_l031k6/FrameworkHALDriver/Src/stm32l0xx_ll_usb.o
LOAD .pio/build/nucleo_l031k6/FrameworkHALDriver/Src/stm32l0xx_ll_utils.o
LOAD .pio/build/nucleo_l031k6/src/dataMap.o
LOAD .pio/build/nucleo_l031k6/src/main.o
LOAD .pio/build/nucleo_l031k6/src/stm32l031_it.o
START GROUP
LOAD .pio/build/nucleo_l031k6/lib8e2/libsupplyBoardLib.a
LOAD /home/labgluon/.platformio/packages/toolchain-gccarmnoneeabi/bin/../lib/gcc/arm-none-eabi/7.2.1/thumb/v6-m/libgcc.a
LOAD /home/labgluon/.platformio/packages/toolchain-gccarmnoneeabi/bin/../lib/gcc/arm-none-eabi/7.2.1/../../../../arm-none-eabi/lib/thumb/v6-m/libstdc++_nano.a
LOAD /home/labgluon/.platformio/packages/toolchain-gccarmnoneeabi/bin/../lib/gcc/arm-none-eabi/7.2.1/../../../../arm-none-eabi/lib/thumb/v6-m/libnosys.a
LOAD .pio/build/nucleo_l031k6/libFrameworkCMSISDevice.a
END GROUP
LOAD /home/labgluon/.platformio/packages/toolchain-gccarmnoneeabi/bin/../lib/gcc/arm-none-eabi/7.2.1/../../../../arm-none-eabi/lib/thumb/v6-m/libstdc++_nano.a
LOAD /home/labgluon/.platformio/packages/toolchain-gccarmnoneeabi/bin/../lib/gcc/arm-none-eabi/7.2.1/../../../../arm-none-eabi/lib/thumb/v6-m/libm.a
LOAD /home/labgluon/.platformio/packages/toolchain-gccarmnoneeabi/bin/../lib/gcc/arm-none-eabi/7.2.1/../../../../arm-none-eabi/lib/thumb/v6-m/libc_nano.a
START GROUP
LOAD /home/labgluon/.platformio/packages/toolchain-gccarmnoneeabi/bin/../lib/gcc/arm-none-eabi/7.2.1/thumb/v6-m/libgcc.a
LOAD /home/labgluon/.platformio/packages/toolchain-gccarmnoneeabi/bin/../lib/gcc/arm-none-eabi/7.2.1/../../../../arm-none-eabi/lib/thumb/v6-m/libc_nano.a
END GROUP
START GROUP
LOAD /home/labgluon/.platformio/packages/toolchain-gccarmnoneeabi/bin/../lib/gcc/arm-none-eabi/7.2.1/thumb/v6-m/libgcc.a
LOAD /home/labgluon/.platformio/packages/toolchain-gccarmnoneeabi/bin/../lib/gcc/arm-none-eabi/7.2.1/../../../../arm-none-eabi/lib/thumb/v6-m/libc_nano.a
LOAD /home/labgluon/.platformio/packages/toolchain-gccarmnoneeabi/bin/../lib/gcc/arm-none-eabi/7.2.1/../../../../arm-none-eabi/lib/thumb/v6-m/libnosys.a
END GROUP
START GROUP
LOAD /home/labgluon/.platformio/packages/toolchain-gccarmnoneeabi/bin/../lib/gcc/arm-none-eabi/7.2.1/thumb/v6-m/libgcc.a
LOAD /home/labgluon/.platformio/packages/toolchain-gccarmnoneeabi/bin/../lib/gcc/arm-none-eabi/7.2.1/../../../../arm-none-eabi/lib/thumb/v6-m/libc_nano.a
LOAD /home/labgluon/.platformio/packages/toolchain-gccarmnoneeabi/bin/../lib/gcc/arm-none-eabi/7.2.1/../../../../arm-none-eabi/lib/thumb/v6-m/libnosys.a
END GROUP
LOAD /home/labgluon/.platformio/packages/toolchain-gccarmnoneeabi/bin/../lib/gcc/arm-none-eabi/7.2.1/thumb/v6-m/crtend.o
LOAD /home/labgluon/.platformio/packages/toolchain-gccarmnoneeabi/bin/../lib/gcc/arm-none-eabi/7.2.1/thumb/v6-m/crtn.o
                0x0000000020002000                _estack = (ORIGIN (RAM) + LENGTH (RAM))
                0x0000000000000200                _Min_Heap_Size = 0x200
                0x0000000000000400                _Min_Stack_Size = 0x400

.isr_vector     0x0000000008000000       0xc0
                0x0000000008000000                . = ALIGN (0x4)
 *(.isr_vector)
 .isr_vector    0x0000000008000000       0xc0 .pio/build/nucleo_l031k6/libFrameworkCMSISDevice.a(startup_stm32l031xx.o)
                0x0000000008000000                g_pfnVectors
                0x00000000080000c0                . = ALIGN (0x4)

.text           0x00000000080000c0     0x2c30
                0x00000000080000c0                . = ALIGN (0x4)
 *(.text)
 .text          0x00000000080000c0       0x48 /home/labgluon/.platformio/packages/toolchain-gccarmnoneeabi/bin/../lib/gcc/arm-none-eabi/7.2.1/thumb/v6-m/crtbegin.o
 .text          0x0000000008000108      0x114 /home/labgluon/.platformio/packages/toolchain-gccarmnoneeabi/bin/../lib/gcc/arm-none-eabi/7.2.1/thumb/v6-m/libgcc.a(_udivsi3.o)
                0x0000000008000108                __udivsi3
                0x0000000008000108                __aeabi_uidiv
                0x0000000008000214                __aeabi_uidivmod
 .text          0x000000000800021c        0x4 /home/labgluon/.platformio/packages/toolchain-gccarmnoneeabi/bin/../lib/gcc/arm-none-eabi/7.2.1/thumb/v6-m/libgcc.a(_dvmd_tls.o)
                0x000000000800021c                __aeabi_ldiv0
                0x000000000800021c                __aeabi_idiv0
 .text          0x0000000008000220       0x40 /home/labgluon/.platformio/packages/toolchain-gccarmnoneeabi/bin/../lib/gcc/arm-none-eabi/7.2.1/thumb/v6-m/libgcc.a(_aeabi_uldivmod.o)
                0x0000000008000220                __aeabi_uldivmod
 .text          0x0000000008000260       0x54 /home/labgluon/.platformio/packages/toolchain-gccarmnoneeabi/bin/../lib/gcc/arm-none-eabi/7.2.1/thumb/v6-m/libgcc.a(_muldi3.o)
                0x0000000008000260                __aeabi_lmul
                0x0000000008000260                __muldi3
 .text          0x00000000080002b4      0x184 /home/labgluon/.platformio/packages/toolchain-gccarmnoneeabi/bin/../lib/gcc/arm-none-eabi/7.2.1/thumb/v6-m/libgcc.a(_udivmoddi4.o)
                0x00000000080002b4                __udivmoddi4
 .text          0x0000000008000438       0x18 /home/labgluon/.platformio/packages/toolchain-gccarmnoneeabi/bin/../lib/gcc/arm-none-eabi/7.2.1/thumb/v6-m/libgcc.a(_clzdi2.o)
                0x0000000008000438                __clzdi2
 .text          0x0000000008000450       0x3c /home/labgluon/.platformio/packages/toolchain-gccarmnoneeabi/bin/../lib/gcc/arm-none-eabi/7.2.1/thumb/v6-m/libgcc.a(_clzsi2.o)
                0x0000000008000450                __clzsi2
 *(.text*)
 .text.HAL_MspInit
                0x000000000800048c        0x2 .pio/build/nucleo_l031k6/FrameworkHALDriver/Src/stm32l0xx_hal.o
                0x000000000800048c                HAL_MspInit
 *fill*         0x000000000800048e        0x2 
 .text.HAL_InitTick
                0x0000000008000490       0x48 .pio/build/nucleo_l031k6/FrameworkHALDriver/Src/stm32l0xx_hal.o
                0x0000000008000490                HAL_InitTick
 .text.HAL_Init
                0x00000000080004d8       0x28 .pio/build/nucleo_l031k6/FrameworkHALDriver/Src/stm32l0xx_hal.o
                0x00000000080004d8                HAL_Init
 .text.HAL_IncTick
                0x0000000008000500       0x18 .pio/build/nucleo_l031k6/FrameworkHALDriver/Src/stm32l0xx_hal.o
                0x0000000008000500                HAL_IncTick
 .text.HAL_GetTick
                0x0000000008000518        0xc .pio/build/nucleo_l031k6/FrameworkHALDriver/Src/stm32l0xx_hal.o
                0x0000000008000518                HAL_GetTick
 .text.HAL_Delay
                0x0000000008000524       0x24 .pio/build/nucleo_l031k6/FrameworkHALDriver/Src/stm32l0xx_hal.o
                0x0000000008000524                HAL_Delay
 .text.ADC_DelayMicroSecond
                0x0000000008000548       0x2c .pio/build/nucleo_l031k6/FrameworkHALDriver/Src/stm32l0xx_hal_adc.o
 .text.ADC_Disable
                0x0000000008000574       0x70 .pio/build/nucleo_l031k6/FrameworkHALDriver/Src/stm32l0xx_hal_adc.o
 .text.ADC_Enable
                0x00000000080005e4       0x78 .pio/build/nucleo_l031k6/FrameworkHALDriver/Src/stm32l0xx_hal_adc.o
 .text.ADC_ConversionStop
                0x000000000800065c       0x5a .pio/build/nucleo_l031k6/FrameworkHALDriver/Src/stm32l0xx_hal_adc.o
 .text.HAL_ADC_MspInit
                0x00000000080006b6        0x2 .pio/build/nucleo_l031k6/FrameworkHALDriver/Src/stm32l0xx_hal_adc.o
                0x00000000080006b6                HAL_ADC_MspInit
 .text.HAL_ADC_Init
                0x00000000080006b8      0x1b0 .pio/build/nucleo_l031k6/FrameworkHALDriver/Src/stm32l0xx_hal_adc.o
                0x00000000080006b8                HAL_ADC_Init
 .text.HAL_ADC_PollForConversion
                0x0000000008000868       0xc4 .pio/build/nucleo_l031k6/FrameworkHALDriver/Src/stm32l0xx_hal_adc.o
                0x0000000008000868                HAL_ADC_PollForConversion
 .text.HAL_ADC_Start_DMA
                0x000000000800092c       0x90 .pio/build/nucleo_l031k6/FrameworkHALDriver/Src/stm32l0xx_hal_adc.o
                0x000000000800092c                HAL_ADC_Start_DMA
 .text.HAL_ADC_Stop_DMA
                0x00000000080009bc       0x78 .pio/build/nucleo_l031k6/FrameworkHALDriver/Src/stm32l0xx_hal_adc.o
                0x00000000080009bc                HAL_ADC_Stop_DMA
 .text.HAL_ADC_ConvCpltCallback
                0x0000000008000a34        0x2 .pio/build/nucleo_l031k6/FrameworkHALDriver/Src/stm32l0xx_hal_adc.o
                0x0000000008000a34                HAL_ADC_ConvCpltCallback
 *fill*         0x0000000008000a36        0x2 
 .text.ADC_DMAConvCplt
                0x0000000008000a38       0x70 .pio/build/nucleo_l031k6/FrameworkHALDriver/Src/stm32l0xx_hal_adc.o
 .text.HAL_ADC_ConvHalfCpltCallback
                0x0000000008000aa8        0x2 .pio/build/nucleo_l031k6/FrameworkHALDriver/Src/stm32l0xx_hal_adc.o
                0x0000000008000aa8                HAL_ADC_ConvHalfCpltCallback
 .text.ADC_DMAHalfConvCplt
                0x0000000008000aaa        0xa .pio/build/nucleo_l031k6/FrameworkHALDriver/Src/stm32l0xx_hal_adc.o
 .text.HAL_ADC_ErrorCallback
                0x0000000008000ab4        0x2 .pio/build/nucleo_l031k6/FrameworkHALDriver/Src/stm32l0xx_hal_adc.o
                0x0000000008000ab4                HAL_ADC_ErrorCallback
 .text.ADC_DMAError
                0x0000000008000ab6       0x1a .pio/build/nucleo_l031k6/FrameworkHALDriver/Src/stm32l0xx_hal_adc.o
 .text.HAL_ADC_ConfigChannel
                0x0000000008000ad0       0xa8 .pio/build/nucleo_l031k6/FrameworkHALDriver/Src/stm32l0xx_hal_adc.o
                0x0000000008000ad0                HAL_ADC_ConfigChannel
 .text.HAL_ADCEx_Calibration_Start
                0x0000000008000b78       0xa8 .pio/build/nucleo_l031k6/FrameworkHALDriver/Src/stm32l0xx_hal_adc_ex.o
                0x0000000008000b78                HAL_ADCEx_Calibration_Start
 .text.HAL_NVIC_SetPriority
                0x0000000008000c20       0x54 .pio/build/nucleo_l031k6/FrameworkHALDriver/Src/stm32l0xx_hal_cortex.o
                0x0000000008000c20                HAL_NVIC_SetPriority
 .text.HAL_NVIC_EnableIRQ
                0x0000000008000c74       0x18 .pio/build/nucleo_l031k6/FrameworkHALDriver/Src/stm32l0xx_hal_cortex.o
                0x0000000008000c74                HAL_NVIC_EnableIRQ
 .text.HAL_SYSTICK_Config
                0x0000000008000c8c       0x34 .pio/build/nucleo_l031k6/FrameworkHALDriver/Src/stm32l0xx_hal_cortex.o
                0x0000000008000c8c                HAL_SYSTICK_Config
 .text.HAL_DMA_Init
                0x0000000008000cc0       0x88 .pio/build/nucleo_l031k6/FrameworkHALDriver/Src/stm32l0xx_hal_dma.o
                0x0000000008000cc0                HAL_DMA_Init
 .text.HAL_DMA_Start_IT
                0x0000000008000d48       0x80 .pio/build/nucleo_l031k6/FrameworkHALDriver/Src/stm32l0xx_hal_dma.o
                0x0000000008000d48                HAL_DMA_Start_IT
 .text.HAL_DMA_Abort
                0x0000000008000dc8       0x40 .pio/build/nucleo_l031k6/FrameworkHALDriver/Src/stm32l0xx_hal_dma.o
                0x0000000008000dc8                HAL_DMA_Abort
 .text.HAL_DMA_Abort_IT
                0x0000000008000e08       0x4a .pio/build/nucleo_l031k6/FrameworkHALDriver/Src/stm32l0xx_hal_dma.o
                0x0000000008000e08                HAL_DMA_Abort_IT
 .text.HAL_DMA_IRQHandler
                0x0000000008000e52       0x96 .pio/build/nucleo_l031k6/FrameworkHALDriver/Src/stm32l0xx_hal_dma.o
                0x0000000008000e52                HAL_DMA_IRQHandler
 .text.HAL_DMA_GetState
                0x0000000008000ee8        0x8 .pio/build/nucleo_l031k6/FrameworkHALDriver/Src/stm32l0xx_hal_dma.o
                0x0000000008000ee8                HAL_DMA_GetState
 .text.HAL_GPIO_Init
                0x0000000008000ef0      0x16c .pio/build/nucleo_l031k6/FrameworkHALDriver/Src/stm32l0xx_hal_gpio.o
                0x0000000008000ef0                HAL_GPIO_Init
 .text.HAL_GPIO_WritePin
                0x000000000800105c        0xc .pio/build/nucleo_l031k6/FrameworkHALDriver/Src/stm32l0xx_hal_gpio.o
                0x000000000800105c                HAL_GPIO_WritePin
 .text.I2C_Flush_TXDR
                0x0000000008001068       0x1c .pio/build/nucleo_l031k6/FrameworkHALDriver/Src/stm32l0xx_hal_i2c.o
 .text.I2C_TransferConfig
                0x0000000008001084       0x28 .pio/build/nucleo_l031k6/FrameworkHALDriver/Src/stm32l0xx_hal_i2c.o
 .text.I2C_Enable_IRQ
                0x00000000080010ac       0x5c .pio/build/nucleo_l031k6/FrameworkHALDriver/Src/stm32l0xx_hal_i2c.o
 .text.I2C_Disable_IRQ
                0x0000000008001108       0x48 .pio/build/nucleo_l031k6/FrameworkHALDriver/Src/stm32l0xx_hal_i2c.o
 .text.HAL_I2C_MspInit
                0x0000000008001150        0x2 .pio/build/nucleo_l031k6/FrameworkHALDriver/Src/stm32l0xx_hal_i2c.o
                0x0000000008001150                HAL_I2C_MspInit
 *fill*         0x0000000008001152        0x2 
 .text.HAL_I2C_Init
                0x0000000008001154       0xac .pio/build/nucleo_l031k6/FrameworkHALDriver/Src/stm32l0xx_hal_i2c.o
                0x0000000008001154                HAL_I2C_Init
 .text.HAL_I2C_Slave_Seq_Transmit_IT
                0x0000000008001200       0xd8 .pio/build/nucleo_l031k6/FrameworkHALDriver/Src/stm32l0xx_hal_i2c.o
                0x0000000008001200                HAL_I2C_Slave_Seq_Transmit_IT
 .text.HAL_I2C_Slave_Seq_Receive_IT
                0x00000000080012d8       0xdc .pio/build/nucleo_l031k6/FrameworkHALDriver/Src/stm32l0xx_hal_i2c.o
                0x00000000080012d8                HAL_I2C_Slave_Seq_Receive_IT
 .text.HAL_I2C_EnableListen_IT
                0x00000000080013b4       0x28 .pio/build/nucleo_l031k6/FrameworkHALDriver/Src/stm32l0xx_hal_i2c.o
                0x00000000080013b4                HAL_I2C_EnableListen_IT
 .text.HAL_I2C_EV_IRQHandler
                0x00000000080013dc       0x12 .pio/build/nucleo_l031k6/FrameworkHALDriver/Src/stm32l0xx_hal_i2c.o
                0x00000000080013dc                HAL_I2C_EV_IRQHandler
 .text.HAL_I2C_MasterTxCpltCallback
                0x00000000080013ee        0x2 .pio/build/nucleo_l031k6/FrameworkHALDriver/Src/stm32l0xx_hal_i2c.o
                0x00000000080013ee                HAL_I2C_MasterTxCpltCallback
 .text.HAL_I2C_MasterRxCpltCallback
                0x00000000080013f0        0x2 .pio/build/nucleo_l031k6/FrameworkHALDriver/Src/stm32l0xx_hal_i2c.o
                0x00000000080013f0                HAL_I2C_MasterRxCpltCallback
 .text.I2C_ITMasterSeqCplt
                0x00000000080013f2       0x48 .pio/build/nucleo_l031k6/FrameworkHALDriver/Src/stm32l0xx_hal_i2c.o
 *fill*         0x000000000800143a        0x2 
 .text.I2C_ITSlaveSeqCplt
                0x000000000800143c       0x84 .pio/build/nucleo_l031k6/FrameworkHALDriver/Src/stm32l0xx_hal_i2c.o
 .text.I2C_ITAddrCplt.isra.9
                0x00000000080014c0       0x94 .pio/build/nucleo_l031k6/FrameworkHALDriver/Src/stm32l0xx_hal_i2c.o
 .text.I2C_ITListenCplt
                0x0000000008001554       0x6c .pio/build/nucleo_l031k6/FrameworkHALDriver/Src/stm32l0xx_hal_i2c.o
 .text.HAL_I2C_MemTxCpltCallback
                0x00000000080015c0        0x2 .pio/build/nucleo_l031k6/FrameworkHALDriver/Src/stm32l0xx_hal_i2c.o
                0x00000000080015c0                HAL_I2C_MemTxCpltCallback
 .text.HAL_I2C_MemRxCpltCallback
                0x00000000080015c2        0x2 .pio/build/nucleo_l031k6/FrameworkHALDriver/Src/stm32l0xx_hal_i2c.o
                0x00000000080015c2                HAL_I2C_MemRxCpltCallback
 .text.HAL_I2C_AbortCpltCallback
                0x00000000080015c4        0x2 .pio/build/nucleo_l031k6/FrameworkHALDriver/Src/stm32l0xx_hal_i2c.o
                0x00000000080015c4                HAL_I2C_AbortCpltCallback
 .text.I2C_TreatErrorCallback
                0x00000000080015c6       0x2a .pio/build/nucleo_l031k6/FrameworkHALDriver/Src/stm32l0xx_hal_i2c.o
 .text.I2C_ITError
                0x00000000080015f0       0xf0 .pio/build/nucleo_l031k6/FrameworkHALDriver/Src/stm32l0xx_hal_i2c.o
 .text.I2C_ITSlaveCplt
                0x00000000080016e0      0x138 .pio/build/nucleo_l031k6/FrameworkHALDriver/Src/stm32l0xx_hal_i2c.o
 .text.I2C_Slave_ISR_IT
                0x0000000008001818      0x130 .pio/build/nucleo_l031k6/FrameworkHALDriver/Src/stm32l0xx_hal_i2c.o
 .text.I2C_ITMasterCplt
                0x0000000008001948       0xe4 .pio/build/nucleo_l031k6/FrameworkHALDriver/Src/stm32l0xx_hal_i2c.o
 .text.I2C_Slave_ISR_DMA
                0x0000000008001a2c      0x10c .pio/build/nucleo_l031k6/FrameworkHALDriver/Src/stm32l0xx_hal_i2c.o
 .text.I2C_Master_ISR_DMA
                0x0000000008001b38      0x120 .pio/build/nucleo_l031k6/FrameworkHALDriver/Src/stm32l0xx_hal_i2c.o
 .text.HAL_I2C_ER_IRQHandler
                0x0000000008001c58       0x62 .pio/build/nucleo_l031k6/FrameworkHALDriver/Src/stm32l0xx_hal_i2c.o
                0x0000000008001c58                HAL_I2C_ER_IRQHandler
 .text.I2C_DMAAbort
                0x0000000008001cba       0x1e .pio/build/nucleo_l031k6/FrameworkHALDriver/Src/stm32l0xx_hal_i2c.o
 .text.HAL_I2C_GetError
                0x0000000008001cd8        0x4 .pio/build/nucleo_l031k6/FrameworkHALDriver/Src/stm32l0xx_hal_i2c.o
                0x0000000008001cd8                HAL_I2C_GetError
 .text.HAL_I2CEx_ConfigAnalogFilter
                0x0000000008001cdc       0x4c .pio/build/nucleo_l031k6/FrameworkHALDriver/Src/stm32l0xx_hal_i2c_ex.o
                0x0000000008001cdc                HAL_I2CEx_ConfigAnalogFilter
 .text.HAL_I2CEx_ConfigDigitalFilter
                0x0000000008001d28       0x48 .pio/build/nucleo_l031k6/FrameworkHALDriver/Src/stm32l0xx_hal_i2c_ex.o
                0x0000000008001d28                HAL_I2CEx_ConfigDigitalFilter
 .text.HAL_RCC_GetSysClockFreq
                0x0000000008001d70       0x94 .pio/build/nucleo_l031k6/FrameworkHALDriver/Src/stm32l0xx_hal_rcc.o
                0x0000000008001d70                HAL_RCC_GetSysClockFreq
 .text.HAL_RCC_OscConfig
                0x0000000008001e04      0x4ac .pio/build/nucleo_l031k6/FrameworkHALDriver/Src/stm32l0xx_hal_rcc.o
                0x0000000008001e04                HAL_RCC_OscConfig
 .text.HAL_RCC_ClockConfig
                0x00000000080022b0      0x19c .pio/build/nucleo_l031k6/FrameworkHALDriver/Src/stm32l0xx_hal_rcc.o
                0x00000000080022b0                HAL_RCC_ClockConfig
 .text.HAL_RCCEx_PeriphCLKConfig
                0x000000000800244c      0x174 .pio/build/nucleo_l031k6/FrameworkHALDriver/Src/stm32l0xx_hal_rcc_ex.o
                0x000000000800244c                HAL_RCCEx_PeriphCLKConfig
 .text.TIM_Base_SetConfig
                0x00000000080025c0       0x5c .pio/build/nucleo_l031k6/FrameworkHALDriver/Src/stm32l0xx_hal_tim.o
 .text.HAL_TIM_Base_MspInit
                0x000000000800261c        0x2 .pio/build/nucleo_l031k6/FrameworkHALDriver/Src/stm32l0xx_hal_tim.o
                0x000000000800261c                HAL_TIM_Base_MspInit
 .text.HAL_TIM_Base_Init
                0x000000000800261e       0x48 .pio/build/nucleo_l031k6/FrameworkHALDriver/Src/stm32l0xx_hal_tim.o
                0x000000000800261e                HAL_TIM_Base_Init
 *fill*         0x0000000008002666        0x2 
 .text.HAL_TIM_Base_Start
                0x0000000008002668       0x50 .pio/build/nucleo_l031k6/FrameworkHALDriver/Src/stm32l0xx_hal_tim.o
                0x0000000008002668                HAL_TIM_Base_Start
 .text.HAL_I2C_ListenCpltCallback
                0x00000000080026b8        0x8 .pio/build/nucleo_l031k6/src/main.o
                0x00000000080026b8                HAL_I2C_ListenCpltCallback
 .text._Z18SystemClock_Configv
                0x00000000080026c0       0x74 .pio/build/nucleo_l031k6/src/main.o
                0x00000000080026c0                SystemClock_Config()
 .text.HAL_I2C_AddrCallback
                0x0000000008002734       0x48 .pio/build/nucleo_l031k6/src/main.o
                0x0000000008002734                HAL_I2C_AddrCallback
 .text.HAL_I2C_SlaveRxCpltCallback
                0x000000000800277c       0x34 .pio/build/nucleo_l031k6/src/main.o
                0x000000000800277c                HAL_I2C_SlaveRxCpltCallback
 .text.HAL_I2C_SlaveTxCpltCallback
                0x00000000080027b0       0x30 .pio/build/nucleo_l031k6/src/main.o
                0x00000000080027b0                HAL_I2C_SlaveTxCpltCallback
 .text.HAL_I2C_ErrorCallback
                0x00000000080027e0       0x48 .pio/build/nucleo_l031k6/src/main.o
                0x00000000080027e0                HAL_I2C_ErrorCallback
 .text.startup.main
                0x0000000008002828      0x2b8 .pio/build/nucleo_l031k6/src/main.o
                0x0000000008002828                main
 .text.startup._GLOBAL__sub_I_dataMap
                0x0000000008002ae0       0x10 .pio/build/nucleo_l031k6/src/main.o
 .text.SysTick_Handler
                0x0000000008002af0        0x8 .pio/build/nucleo_l031k6/src/stm32l031_it.o
                0x0000000008002af0                SysTick_Handler
 .text.DMA1_Channel1_IRQHandler
                0x0000000008002af8       0x1c .pio/build/nucleo_l031k6/src/stm32l031_it.o
                0x0000000008002af8                DMA1_Channel1_IRQHandler
 .text._ZN11SupplyBoardC2Ev
                0x0000000008002b14       0x1c .pio/build/nucleo_l031k6/lib8e2/libsupplyBoardLib.a(supplyBoard.o)
                0x0000000008002b14                SupplyBoard::SupplyBoard()
                0x0000000008002b14                SupplyBoard::SupplyBoard()
 .text._ZN11SupplyBoard12initI2cSlaveEh
                0x0000000008002b30       0xa8 .pio/build/nucleo_l031k6/lib8e2/libsupplyBoardLib.a(supplyBoard.o)
                0x0000000008002b30                SupplyBoard::initI2cSlave(unsigned char)
 .text._ZN11SupplyBoard13i2cSlaveStartEv
                0x0000000008002bd8       0x20 .pio/build/nucleo_l031k6/lib8e2/libsupplyBoardLib.a(supplyBoard.o)
                0x0000000008002bd8                SupplyBoard::i2cSlaveStart()
 .text.I2C1_IRQHandler
                0x0000000008002bf8       0x20 .pio/build/nucleo_l031k6/lib8e2/libsupplyBoardLib.a(supplyBoard_it.o)
                0x0000000008002bf8                I2C1_IRQHandler
 .text.Reset_Handler
                0x0000000008002c18       0x50 .pio/build/nucleo_l031k6/libFrameworkCMSISDevice.a(startup_stm32l031xx.o)
                0x0000000008002c18                Reset_Handler
 .text.Default_Handler
                0x0000000008002c68        0x2 .pio/build/nucleo_l031k6/libFrameworkCMSISDevice.a(startup_stm32l031xx.o)
                0x0000000008002c68                HardFault_Handler
                0x0000000008002c68                ADC1_COMP_IRQHandler
                0x0000000008002c68                PVD_IRQHandler
                0x0000000008002c68                PendSV_Handler
                0x0000000008002c68                NMI_Handler
                0x0000000008002c68                SPI1_IRQHandler
                0x0000000008002c68                EXTI2_3_IRQHandler
                0x0000000008002c68                RTC_IRQHandler
                0x0000000008002c68                DMA1_Channel4_5_6_7_IRQHandler
                0x0000000008002c68                EXTI4_15_IRQHandler
                0x0000000008002c68                RCC_IRQHandler
                0x0000000008002c68                Default_Handler
                0x0000000008002c68                TIM22_IRQHandler
                0x0000000008002c68                EXTI0_1_IRQHandler
                0x0000000008002c68                SVC_Handler
                0x0000000008002c68                TIM21_IRQHandler
                0x0000000008002c68                WWDG_IRQHandler
                0x0000000008002c68                LPUART1_IRQHandler
                0x0000000008002c68                TIM2_IRQHandler
                0x0000000008002c68                DMA1_Channel2_3_IRQHandler
                0x0000000008002c68                USART2_IRQHandler
                0x0000000008002c68                FLASH_IRQHandler
                0x0000000008002c68                LPTIM1_IRQHandler
 .text.SystemInit
                0x0000000008002c6a        0x2 .pio/build/nucleo_l031k6/libFrameworkCMSISDevice.a(system_stm32l0xx.o)
                0x0000000008002c6a                SystemInit
 .text.__libc_init_array
                0x0000000008002c6c       0x48 /home/labgluon/.platformio/packages/toolchain-gccarmnoneeabi/bin/../lib/gcc/arm-none-eabi/7.2.1/../../../../arm-none-eabi/lib/thumb/v6-m/libc_nano.a(lib_a-init.o)
                0x0000000008002c6c                __libc_init_array
 .text.memcpy   0x0000000008002cb4       0x12 /home/labgluon/.platformio/packages/toolchain-gccarmnoneeabi/bin/../lib/gcc/arm-none-eabi/7.2.1/../../../../arm-none-eabi/lib/thumb/v6-m/libc_nano.a(lib_a-memcpy-stub.o)
                0x0000000008002cb4                memcpy
 .text.memset   0x0000000008002cc6       0x10 /home/labgluon/.platformio/packages/toolchain-gccarmnoneeabi/bin/../lib/gcc/arm-none-eabi/7.2.1/../../../../arm-none-eabi/lib/thumb/v6-m/libc_nano.a(lib_a-memset.o)
                0x0000000008002cc6                memset
 *(.glue_7)
 .glue_7        0x0000000008002cd6        0x0 linker stubs
 *(.glue_7t)
 .glue_7t       0x0000000008002cd6        0x0 linker stubs
 *(.eh_frame)
 *fill*         0x0000000008002cd6        0x2 
 .eh_frame      0x0000000008002cd8        0x0 /home/labgluon/.platformio/packages/toolchain-gccarmnoneeabi/bin/../lib/gcc/arm-none-eabi/7.2.1/thumb/v6-m/crtbegin.o
 *(.init)
 .init          0x0000000008002cd8        0x4 /home/labgluon/.platformio/packages/toolchain-gccarmnoneeabi/bin/../lib/gcc/arm-none-eabi/7.2.1/thumb/v6-m/crti.o
                0x0000000008002cd8                _init
 .init          0x0000000008002cdc        0x8 /home/labgluon/.platformio/packages/toolchain-gccarmnoneeabi/bin/../lib/gcc/arm-none-eabi/7.2.1/thumb/v6-m/crtn.o
 *(.fini)
 .fini          0x0000000008002ce4        0x4 /home/labgluon/.platformio/packages/toolchain-gccarmnoneeabi/bin/../lib/gcc/arm-none-eabi/7.2.1/thumb/v6-m/crti.o
                0x0000000008002ce4                _fini
 .fini          0x0000000008002ce8        0x8 /home/labgluon/.platformio/packages/toolchain-gccarmnoneeabi/bin/../lib/gcc/arm-none-eabi/7.2.1/thumb/v6-m/crtn.o
                0x0000000008002cf0                . = ALIGN (0x4)
                0x0000000008002cf0                _etext = .

.vfp11_veneer   0x0000000008002cf0        0x0
 .vfp11_veneer  0x0000000008002cf0        0x0 linker stubs

.v4_bx          0x0000000008002cf0        0x0
 .v4_bx         0x0000000008002cf0        0x0 linker stubs

.iplt           0x0000000008002cf0        0x0
 .iplt          0x0000000008002cf0        0x0 /home/labgluon/.platformio/packages/toolchain-gccarmnoneeabi/bin/../lib/gcc/arm-none-eabi/7.2.1/thumb/v6-m/crtbegin.o

.rodata         0x0000000008002cf0       0x1c
                0x0000000008002cf0                . = ALIGN (0x4)
 *(.rodata)
 *(.rodata*)
 .rodata.AHBPrescTable
                0x0000000008002cf0       0x10 .pio/build/nucleo_l031k6/libFrameworkCMSISDevice.a(system_stm32l0xx.o)
                0x0000000008002cf0                AHBPrescTable
 .rodata.PLLMulTable
                0x0000000008002d00        0x9 .pio/build/nucleo_l031k6/libFrameworkCMSISDevice.a(system_stm32l0xx.o)
                0x0000000008002d00                PLLMulTable
                0x0000000008002d0c                . = ALIGN (0x4)
 *fill*         0x0000000008002d09        0x3 

.ARM.extab      0x0000000008002d0c        0x0
                0x0000000008002d0c                . = ALIGN (0x4)
 *(.ARM.extab* .gnu.linkonce.armextab.*)
                0x0000000008002d0c                . = ALIGN (0x4)

.ARM            0x0000000008002d0c        0x8
                0x0000000008002d0c                . = ALIGN (0x4)
                0x0000000008002d0c                __exidx_start = .
 *(.ARM.exidx*)
 .ARM.exidx     0x0000000008002d0c        0x8 /home/labgluon/.platformio/packages/toolchain-gccarmnoneeabi/bin/../lib/gcc/arm-none-eabi/7.2.1/thumb/v6-m/libgcc.a(_udivmoddi4.o)
                0x0000000008002d14                __exidx_end = .
                0x0000000008002d14                . = ALIGN (0x4)

.rel.dyn        0x0000000008002d14        0x0
 .rel.iplt      0x0000000008002d14        0x0 /home/labgluon/.platformio/packages/toolchain-gccarmnoneeabi/bin/../lib/gcc/arm-none-eabi/7.2.1/thumb/v6-m/crtbegin.o

.preinit_array  0x0000000008002d14        0x0
                0x0000000008002d14                . = ALIGN (0x4)
                0x0000000008002d14                PROVIDE (__preinit_array_start, .)
 *(.preinit_array*)
                0x0000000008002d14                PROVIDE (__preinit_array_end, .)
                0x0000000008002d14                . = ALIGN (0x4)

.init_array     0x0000000008002d14        0x8
                0x0000000008002d14                . = ALIGN (0x4)
                0x0000000008002d14                PROVIDE (__init_array_start, .)
 *(SORT_BY_NAME(.init_array.*))
 *(.init_array*)
 .init_array    0x0000000008002d14        0x4 /home/labgluon/.platformio/packages/toolchain-gccarmnoneeabi/bin/../lib/gcc/arm-none-eabi/7.2.1/thumb/v6-m/crtbegin.o
 .init_array    0x0000000008002d18        0x4 .pio/build/nucleo_l031k6/src/main.o
                0x0000000008002d1c                PROVIDE (__init_array_end, .)
                0x0000000008002d1c                . = ALIGN (0x4)

.fini_array     0x0000000008002d1c        0x4
                0x0000000008002d1c                . = ALIGN (0x4)
                [!provide]                        PROVIDE (__fini_array_start, .)
 *(SORT_BY_NAME(.fini_array.*))
 *(.fini_array*)
 .fini_array    0x0000000008002d1c        0x4 /home/labgluon/.platformio/packages/toolchain-gccarmnoneeabi/bin/../lib/gcc/arm-none-eabi/7.2.1/thumb/v6-m/crtbegin.o
                [!provide]                        PROVIDE (__fini_array_end, .)
                0x0000000008002d20                . = ALIGN (0x4)
                0x0000000008002d20                _sidata = LOADADDR (.data)

.data           0x0000000020000000       0x20 load address 0x0000000008002d20
                0x0000000020000000                . = ALIGN (0x4)
                0x0000000020000000                _sdata = .
 *(.data)
 *(.data*)
 .data.uwTickFreq
                0x0000000020000000        0x1 .pio/build/nucleo_l031k6/FrameworkHALDriver/Src/stm32l0xx_hal.o
                0x0000000020000000                uwTickFreq
 *fill*         0x0000000020000001        0x3 
 .data.uwTickPrio
                0x0000000020000004        0x4 .pio/build/nucleo_l031k6/FrameworkHALDriver/Src/stm32l0xx_hal.o
                0x0000000020000004                uwTickPrio
 .data.dataMap  0x0000000020000008        0xe .pio/build/nucleo_l031k6/src/main.o
                0x0000000020000008                dataMap
 *fill*         0x0000000020000016        0x2 
 .data.i2cDataMem
                0x0000000020000018        0x4 .pio/build/nucleo_l031k6/src/main.o
                0x0000000020000018                i2cDataMem
 .data.SystemCoreClock
                0x000000002000001c        0x4 .pio/build/nucleo_l031k6/libFrameworkCMSISDevice.a(system_stm32l0xx.o)
                0x000000002000001c                SystemCoreClock
 *(.RamFunc)
 *(.RamFunc*)
                0x0000000020000020                . = ALIGN (0x4)
                0x0000000020000020                _edata = .

.igot.plt       0x0000000020000020        0x0 load address 0x0000000008002d40
 .igot.plt      0x0000000020000020        0x0 /home/labgluon/.platformio/packages/toolchain-gccarmnoneeabi/bin/../lib/gcc/arm-none-eabi/7.2.1/thumb/v6-m/crtbegin.o
                0x0000000020000020                . = ALIGN (0x4)

.bss            0x0000000020000020      0x1cc load address 0x0000000008002d40
                0x0000000020000020                _sbss = .
                0x0000000020000020                __bss_start__ = _sbss
 *(.bss)
 .bss           0x0000000020000020       0x1c /home/labgluon/.platformio/packages/toolchain-gccarmnoneeabi/bin/../lib/gcc/arm-none-eabi/7.2.1/thumb/v6-m/crtbegin.o
 *(.bss*)
 .bss.end       0x000000002000003c        0x4 .pio/build/nucleo_l031k6/src/main.o
                0x000000002000003c                end
 .bss.hDma      0x0000000020000040       0x48 .pio/build/nucleo_l031k6/src/main.o
                0x0000000020000040                hDma
 .bss.i2cData   0x0000000020000088       0x16 .pio/build/nucleo_l031k6/src/main.o
                0x0000000020000088                i2cData
 .bss.newData   0x000000002000009e        0x1 .pio/build/nucleo_l031k6/src/main.o
                0x000000002000009e                newData
 *fill*         0x000000002000009f        0x1 
 .bss.nextReadDataOffset
                0x00000000200000a0        0x4 .pio/build/nucleo_l031k6/src/main.o
                0x00000000200000a0                nextReadDataOffset
 .bss.rcvData   0x00000000200000a4        0xa .pio/build/nucleo_l031k6/src/main.o
                0x00000000200000a4                rcvData
 .bss.rcvDataCount
                0x00000000200000ae        0x1 .pio/build/nucleo_l031k6/src/main.o
                0x00000000200000ae                rcvDataCount
 *fill*         0x00000000200000af        0x1 
 .bss.supplyBoard
                0x00000000200000b0       0x60 .pio/build/nucleo_l031k6/src/main.o
                0x00000000200000b0                supplyBoard
 .bss.tim2      0x0000000020000110       0x40 .pio/build/nucleo_l031k6/src/main.o
                0x0000000020000110                tim2
 .bss._ZN11SupplyBoard11s_hI2cSlaveE
                0x0000000020000150       0x4c .pio/build/nucleo_l031k6/lib8e2/libsupplyBoardLib.a(supplyBoard.o)
                0x0000000020000150                SupplyBoard::s_hI2cSlave
 .bss.c_hI2cSlave
                0x000000002000019c       0x4c .pio/build/nucleo_l031k6/lib8e2/libsupplyBoardLib.a(supplyBoard_it.o)
                0x000000002000019c                c_hI2cSlave
 *(COMMON)
 COMMON         0x00000000200001e8        0x4 .pio/build/nucleo_l031k6/FrameworkHALDriver/Src/stm32l0xx_hal.o
                0x00000000200001e8                uwTick
                0x00000000200001ec                . = ALIGN (0x4)
                0x00000000200001ec                _ebss = .
                0x00000000200001ec                __bss_end__ = _ebss

._user_heap_stack
                0x00000000200001ec      0x604 load address 0x0000000008002d40
                0x00000000200001f0                . = ALIGN (0x8)
 *fill*         0x00000000200001ec        0x4 
                [!provide]                        PROVIDE (end, .)
                [!provide]                        PROVIDE (_end, .)
                0x00000000200003f0                . = (. + _Min_Heap_Size)
 *fill*         0x00000000200001f0      0x200 
                0x00000000200007f0                . = (. + _Min_Stack_Size)
 *fill*         0x00000000200003f0      0x400 
                0x00000000200007f0                . = ALIGN (0x8)

/DISCARD/
 libc.a(*)
 libm.a(*)
 libgcc.a(*)

.ARM.attributes
                0x0000000000000000       0x28
 *(.ARM.attributes)
 .ARM.attributes
                0x0000000000000000       0x1e /home/labgluon/.platformio/packages/toolchain-gccarmnoneeabi/bin/../lib/gcc/arm-none-eabi/7.2.1/thumb/v6-m/crti.o
 .ARM.attributes
                0x000000000000001e       0x2c /home/labgluon/.platformio/packages/toolchain-gccarmnoneeabi/bin/../lib/gcc/arm-none-eabi/7.2.1/thumb/v6-m/crtbegin.o
 .ARM.attributes
                0x000000000000004a       0x32 .pio/build/nucleo_l031k6/FrameworkHALDriver/Src/stm32l0xx_hal.o
 .ARM.attributes
                0x000000000000007c       0x32 .pio/build/nucleo_l031k6/FrameworkHALDriver/Src/stm32l0xx_hal_adc.o
 .ARM.attributes
                0x00000000000000ae       0x32 .pio/build/nucleo_l031k6/FrameworkHALDriver/Src/stm32l0xx_hal_adc_ex.o
 .ARM.attributes
                0x00000000000000e0       0x32 .pio/build/nucleo_l031k6/FrameworkHALDriver/Src/stm32l0xx_hal_cortex.o
 .ARM.attributes
                0x0000000000000112       0x32 .pio/build/nucleo_l031k6/FrameworkHALDriver/Src/stm32l0xx_hal_dma.o
 .ARM.attributes
                0x0000000000000144       0x32 .pio/build/nucleo_l031k6/FrameworkHALDriver/Src/stm32l0xx_hal_gpio.o
 .ARM.attributes
                0x0000000000000176       0x32 .pio/build/nucleo_l031k6/FrameworkHALDriver/Src/stm32l0xx_hal_i2c.o
 .ARM.attributes
                0x00000000000001a8       0x32 .pio/build/nucleo_l031k6/FrameworkHALDriver/Src/stm32l0xx_hal_i2c_ex.o
 .ARM.attributes
                0x00000000000001da       0x32 .pio/build/nucleo_l031k6/FrameworkHALDriver/Src/stm32l0xx_hal_rcc.o
 .ARM.attributes
                0x000000000000020c       0x32 .pio/build/nucleo_l031k6/FrameworkHALDriver/Src/stm32l0xx_hal_rcc_ex.o
 .ARM.attributes
                0x000000000000023e       0x32 .pio/build/nucleo_l031k6/FrameworkHALDriver/Src/stm32l0xx_hal_tim.o
 .ARM.attributes
                0x0000000000000270       0x32 .pio/build/nucleo_l031k6/src/main.o
 .ARM.attributes
                0x00000000000002a2       0x32 .pio/build/nucleo_l031k6/src/stm32l031_it.o
 .ARM.attributes
                0x00000000000002d4       0x32 .pio/build/nucleo_l031k6/lib8e2/libsupplyBoardLib.a(supplyBoard.o)
 .ARM.attributes
                0x0000000000000306       0x32 .pio/build/nucleo_l031k6/lib8e2/libsupplyBoardLib.a(supplyBoard_it.o)
 .ARM.attributes
                0x0000000000000338       0x1e /home/labgluon/.platformio/packages/toolchain-gccarmnoneeabi/bin/../lib/gcc/arm-none-eabi/7.2.1/thumb/v6-m/libgcc.a(_udivsi3.o)
 .ARM.attributes
                0x0000000000000356       0x1e /home/labgluon/.platformio/packages/toolchain-gccarmnoneeabi/bin/../lib/gcc/arm-none-eabi/7.2.1/thumb/v6-m/libgcc.a(_dvmd_tls.o)
 .ARM.attributes
                0x0000000000000374       0x1e /home/labgluon/.platformio/packages/toolchain-gccarmnoneeabi/bin/../lib/gcc/arm-none-eabi/7.2.1/thumb/v6-m/libgcc.a(_aeabi_uldivmod.o)
 .ARM.attributes
                0x0000000000000392       0x2c /home/labgluon/.platformio/packages/toolchain-gccarmnoneeabi/bin/../lib/gcc/arm-none-eabi/7.2.1/thumb/v6-m/libgcc.a(_muldi3.o)
 .ARM.attributes
                0x00000000000003be       0x2c /home/labgluon/.platformio/packages/toolchain-gccarmnoneeabi/bin/../lib/gcc/arm-none-eabi/7.2.1/thumb/v6-m/libgcc.a(_udivmoddi4.o)
 .ARM.attributes
                0x00000000000003ea       0x1e /home/labgluon/.platformio/packages/toolchain-gccarmnoneeabi/bin/../lib/gcc/arm-none-eabi/7.2.1/thumb/v6-m/libgcc.a(_clzdi2.o)
 .ARM.attributes
                0x0000000000000408       0x1e /home/labgluon/.platformio/packages/toolchain-gccarmnoneeabi/bin/../lib/gcc/arm-none-eabi/7.2.1/thumb/v6-m/libgcc.a(_clzsi2.o)
 .ARM.attributes
                0x0000000000000426       0x22 .pio/build/nucleo_l031k6/libFrameworkCMSISDevice.a(startup_stm32l031xx.o)
 .ARM.attributes
                0x0000000000000448       0x32 .pio/build/nucleo_l031k6/libFrameworkCMSISDevice.a(system_stm32l0xx.o)
 .ARM.attributes
                0x000000000000047a       0x2c /home/labgluon/.platformio/packages/toolchain-gccarmnoneeabi/bin/../lib/gcc/arm-none-eabi/7.2.1/../../../../arm-none-eabi/lib/thumb/v6-m/libc_nano.a(lib_a-init.o)
 .ARM.attributes
                0x00000000000004a6       0x2c /home/labgluon/.platformio/packages/toolchain-gccarmnoneeabi/bin/../lib/gcc/arm-none-eabi/7.2.1/../../../../arm-none-eabi/lib/thumb/v6-m/libc_nano.a(lib_a-memcpy-stub.o)
 .ARM.attributes
                0x00000000000004d2       0x2c /home/labgluon/.platformio/packages/toolchain-gccarmnoneeabi/bin/../lib/gcc/arm-none-eabi/7.2.1/../../../../arm-none-eabi/lib/thumb/v6-m/libc_nano.a(lib_a-memset.o)
 .ARM.attributes
                0x00000000000004fe       0x1e /home/labgluon/.platformio/packages/toolchain-gccarmnoneeabi/bin/../lib/gcc/arm-none-eabi/7.2.1/thumb/v6-m/crtn.o
OUTPUT(.pio/build/nucleo_l031k6/firmware.elf elf32-littlearm)

.comment        0x0000000000000000       0x7e
 .comment       0x0000000000000000       0x7e .pio/build/nucleo_l031k6/FrameworkHALDriver/Src/stm32l0xx_hal.o
                                         0x7f (size before relaxing)
 .comment       0x000000000000007e       0x7f .pio/build/nucleo_l031k6/FrameworkHALDriver/Src/stm32l0xx_hal_adc.o
 .comment       0x000000000000007e       0x7f .pio/build/nucleo_l031k6/FrameworkHALDriver/Src/stm32l0xx_hal_adc_ex.o
 .comment       0x000000000000007e       0x7f .pio/build/nucleo_l031k6/FrameworkHALDriver/Src/stm32l0xx_hal_cortex.o
 .comment       0x000000000000007e       0x7f .pio/build/nucleo_l031k6/FrameworkHALDriver/Src/stm32l0xx_hal_dma.o
 .comment       0x000000000000007e       0x7f .pio/build/nucleo_l031k6/FrameworkHALDriver/Src/stm32l0xx_hal_gpio.o
 .comment       0x000000000000007e       0x7f .pio/build/nucleo_l031k6/FrameworkHALDriver/Src/stm32l0xx_hal_i2c.o
 .comment       0x000000000000007e       0x7f .pio/build/nucleo_l031k6/FrameworkHALDriver/Src/stm32l0xx_hal_i2c_ex.o
 .comment       0x000000000000007e       0x7f .pio/build/nucleo_l031k6/FrameworkHALDriver/Src/stm32l0xx_hal_rcc.o
 .comment       0x000000000000007e       0x7f .pio/build/nucleo_l031k6/FrameworkHALDriver/Src/stm32l0xx_hal_rcc_ex.o
 .comment       0x000000000000007e       0x7f .pio/build/nucleo_l031k6/FrameworkHALDriver/Src/stm32l0xx_hal_tim.o
 .comment       0x000000000000007e       0x7f .pio/build/nucleo_l031k6/src/main.o
 .comment       0x000000000000007e       0x7f .pio/build/nucleo_l031k6/src/stm32l031_it.o
 .comment       0x000000000000007e       0x7f .pio/build/nucleo_l031k6/lib8e2/libsupplyBoardLib.a(supplyBoard.o)
 .comment       0x000000000000007e       0x7f .pio/build/nucleo_l031k6/lib8e2/libsupplyBoardLib.a(supplyBoard_it.o)
 .comment       0x000000000000007e       0x7f .pio/build/nucleo_l031k6/libFrameworkCMSISDevice.a(system_stm32l0xx.o)

.debug_frame    0x0000000000000000      0x104
 .debug_frame   0x0000000000000000       0x20 /home/labgluon/.platformio/packages/toolchain-gccarmnoneeabi/bin/../lib/gcc/arm-none-eabi/7.2.1/thumb/v6-m/libgcc.a(_udivsi3.o)
 .debug_frame   0x0000000000000020       0x34 /home/labgluon/.platformio/packages/toolchain-gccarmnoneeabi/bin/../lib/gcc/arm-none-eabi/7.2.1/thumb/v6-m/libgcc.a(_muldi3.o)
 .debug_frame   0x0000000000000054       0x3c /home/labgluon/.platformio/packages/toolchain-gccarmnoneeabi/bin/../lib/gcc/arm-none-eabi/7.2.1/thumb/v6-m/libgcc.a(_udivmoddi4.o)
 .debug_frame   0x0000000000000090       0x2c /home/labgluon/.platformio/packages/toolchain-gccarmnoneeabi/bin/../lib/gcc/arm-none-eabi/7.2.1/../../../../arm-none-eabi/lib/thumb/v6-m/libc_nano.a(lib_a-init.o)
 .debug_frame   0x00000000000000bc       0x28 /home/labgluon/.platformio/packages/toolchain-gccarmnoneeabi/bin/../lib/gcc/arm-none-eabi/7.2.1/../../../../arm-none-eabi/lib/thumb/v6-m/libc_nano.a(lib_a-memcpy-stub.o)
 .debug_frame   0x00000000000000e4       0x20 /home/labgluon/.platformio/packages/toolchain-gccarmnoneeabi/bin/../lib/gcc/arm-none-eabi/7.2.1/../../../../arm-none-eabi/lib/thumb/v6-m/libc_nano.a(lib_a-memset.o)
